Archive member included to satisfy reference by file (symbol)

./Drivers/CMSIS/Lib/GCC//libarm_cortexM7lfdp_math.a(arm_max_f32.o)
                              build/DSP.o (arm_max_f32)
./Drivers/CMSIS/Lib/GCC//libarm_cortexM7lfdp_math.a(arm_rfft_fast_init_f32.o)
                              build/DSP.o (arm_rfft_fast_init_f32)
./Drivers/CMSIS/Lib/GCC//libarm_cortexM7lfdp_math.a(arm_rfft_fast_f32.o)
                              build/DSP.o (arm_rfft_fast_f32)
./Drivers/CMSIS/Lib/GCC//libarm_cortexM7lfdp_math.a(arm_cfft_f32.o)
                              ./Drivers/CMSIS/Lib/GCC//libarm_cortexM7lfdp_math.a(arm_rfft_fast_f32.o) (arm_cfft_f32)
./Drivers/CMSIS/Lib/GCC//libarm_cortexM7lfdp_math.a(arm_biquad_cascade_df1_init_f32.o)
                              build/DSP.o (arm_biquad_cascade_df1_init_f32)
./Drivers/CMSIS/Lib/GCC//libarm_cortexM7lfdp_math.a(arm_biquad_cascade_df1_f32.o)
                              build/DSP.o (arm_biquad_cascade_df1_f32)
./Drivers/CMSIS/Lib/GCC//libarm_cortexM7lfdp_math.a(arm_cmplx_mag_f32.o)
                              build/DSP.o (arm_cmplx_mag_f32)
./Drivers/CMSIS/Lib/GCC//libarm_cortexM7lfdp_math.a(arm_sin_f32.o)
                              build/DSP.o (arm_sin_f32)
./Drivers/CMSIS/Lib/GCC//libarm_cortexM7lfdp_math.a(arm_common_tables.o)
                              ./Drivers/CMSIS/Lib/GCC//libarm_cortexM7lfdp_math.a(arm_sin_f32.o) (sinTable_f32)
./Drivers/CMSIS/Lib/GCC//libarm_cortexM7lfdp_math.a(arm_bitreversal2.o)
                              ./Drivers/CMSIS/Lib/GCC//libarm_cortexM7lfdp_math.a(arm_cfft_f32.o) (arm_bitreversal_32)
./Drivers/CMSIS/Lib/GCC//libarm_cortexM7lfdp_math.a(arm_cfft_radix8_f32.o)
                              ./Drivers/CMSIS/Lib/GCC//libarm_cortexM7lfdp_math.a(arm_cfft_f32.o) (arm_radix8_butterfly_f32)
/usr/bin/../lib/gcc/arm-none-eabi/10.2.1/../../../../arm-none-eabi/lib/thumb/v7e-m+dp/hard/libstdc++.a(atexit_arm.o)
                              build/DSP.o (__aeabi_atexit)
/usr/bin/../lib/gcc/arm-none-eabi/10.2.1/../../../../arm-none-eabi/lib/thumb/v7e-m+dp/hard/libm.a(lib_a-wf_sqrt.o)
                              ./Drivers/CMSIS/Lib/GCC//libarm_cortexM7lfdp_math.a(arm_cmplx_mag_f32.o) (sqrtf)
/usr/bin/../lib/gcc/arm-none-eabi/10.2.1/../../../../arm-none-eabi/lib/thumb/v7e-m+dp/hard/libm.a(lib_a-ef_sqrt.o)
                              /usr/bin/../lib/gcc/arm-none-eabi/10.2.1/../../../../arm-none-eabi/lib/thumb/v7e-m+dp/hard/libm.a(lib_a-wf_sqrt.o) (__ieee754_sqrtf)
/usr/bin/../lib/gcc/arm-none-eabi/10.2.1/../../../../arm-none-eabi/lib/thumb/v7e-m+dp/hard/libm.a(lib_a-s_lib_ver.o)
                              /usr/bin/../lib/gcc/arm-none-eabi/10.2.1/../../../../arm-none-eabi/lib/thumb/v7e-m+dp/hard/libm.a(lib_a-wf_sqrt.o) (__fdlib_version)
/usr/bin/../lib/gcc/arm-none-eabi/10.2.1/../../../../arm-none-eabi/lib/thumb/v7e-m+dp/hard/libc.a(lib_a-cxa_atexit.o)
                              /usr/bin/../lib/gcc/arm-none-eabi/10.2.1/../../../../arm-none-eabi/lib/thumb/v7e-m+dp/hard/libstdc++.a(atexit_arm.o) (__cxa_atexit)
/usr/bin/../lib/gcc/arm-none-eabi/10.2.1/../../../../arm-none-eabi/lib/thumb/v7e-m+dp/hard/libc.a(lib_a-errno.o)
                              /usr/bin/../lib/gcc/arm-none-eabi/10.2.1/../../../../arm-none-eabi/lib/thumb/v7e-m+dp/hard/libm.a(lib_a-wf_sqrt.o) (__errno)
/usr/bin/../lib/gcc/arm-none-eabi/10.2.1/../../../../arm-none-eabi/lib/thumb/v7e-m+dp/hard/libc.a(lib_a-exit.o)
                              /usr/bin/../lib/gcc/arm-none-eabi/10.2.1/../../../../arm-none-eabi/lib/thumb/v7e-m+dp/hard/crt0.o (exit)
/usr/bin/../lib/gcc/arm-none-eabi/10.2.1/../../../../arm-none-eabi/lib/thumb/v7e-m+dp/hard/libc.a(lib_a-impure.o)
                              /usr/bin/../lib/gcc/arm-none-eabi/10.2.1/../../../../arm-none-eabi/lib/thumb/v7e-m+dp/hard/libc.a(lib_a-exit.o) (_global_impure_ptr)
/usr/bin/../lib/gcc/arm-none-eabi/10.2.1/../../../../arm-none-eabi/lib/thumb/v7e-m+dp/hard/libc.a(lib_a-init.o)
                              /usr/bin/../lib/gcc/arm-none-eabi/10.2.1/../../../../arm-none-eabi/lib/thumb/v7e-m+dp/hard/crt0.o (__libc_init_array)
/usr/bin/../lib/gcc/arm-none-eabi/10.2.1/../../../../arm-none-eabi/lib/thumb/v7e-m+dp/hard/libc.a(lib_a-memcpy.o)
                              build/Message.o (memcpy)
/usr/bin/../lib/gcc/arm-none-eabi/10.2.1/../../../../arm-none-eabi/lib/thumb/v7e-m+dp/hard/libc.a(lib_a-memset.o)
                              /usr/bin/../lib/gcc/arm-none-eabi/10.2.1/../../../../arm-none-eabi/lib/thumb/v7e-m+dp/hard/crt0.o (memset)
/usr/bin/../lib/gcc/arm-none-eabi/10.2.1/../../../../arm-none-eabi/lib/thumb/v7e-m+dp/hard/libc.a(lib_a-sscanf.o)
                              build/Message.o (sscanf)
/usr/bin/../lib/gcc/arm-none-eabi/10.2.1/../../../../arm-none-eabi/lib/thumb/v7e-m+dp/hard/libc.a(lib_a-stdio.o)
                              /usr/bin/../lib/gcc/arm-none-eabi/10.2.1/../../../../arm-none-eabi/lib/thumb/v7e-m+dp/hard/libc.a(lib_a-sscanf.o) (__seofread)
[...]
Memory Configuration

Name             Origin             Length             Attributes
RAM              0x0000000020000000 0x0000000000080000 xrw
FLASH            0x0000000008000000 0x0000000000200000 xr
*default*        0x0000000000000000 0xffffffffffffffff

Linker script and memory map

LOAD /usr/bin/../lib/gcc/arm-none-eabi/10.2.1/thumb/v7e-m+dp/hard/crti.o
LOAD /usr/bin/../lib/gcc/arm-none-eabi/10.2.1/thumb/v7e-m+dp/hard/crtbegin.o
LOAD /usr/bin/../lib/gcc/arm-none-eabi/10.2.1/../../../../arm-none-eabi/lib/thumb/v7e-m+dp/hard/crt0.o
LOAD build/gpio.o
LOAD build/dma.o
LOAD build/tim.o
LOAD build/stm32f7xx_it.o
LOAD build/stm32f7xx_hal_msp.o
LOAD build/stm32f7xx_hal_adc.o
LOAD build/stm32f7xx_hal_adc_ex.o
LOAD build/stm32f7xx_hal_rcc.o
LOAD build/stm32f7xx_hal_rcc_ex.o
LOAD build/stm32f7xx_hal_flash.o
LOAD build/stm32f7xx_hal_flash_ex.o
LOAD build/stm32f7xx_hal_gpio.o
LOAD build/stm32f7xx_hal_dma.o
LOAD build/stm32f7xx_hal_dma_ex.o
LOAD build/stm32f7xx_hal_pwr.o
LOAD build/stm32f7xx_hal_pwr_ex.o
LOAD build/stm32f7xx_hal_cortex.o
LOAD build/stm32f7xx_hal.o
LOAD build/stm32f7xx_hal_exti.o
LOAD build/stm32f7xx_hal_tim.o
LOAD build/stm32f7xx_hal_tim_ex.o
LOAD build/stm32f7xx_hal_uart.o
LOAD build/stm32f7xx_hal_uart_ex.o
LOAD build/system_stm32f7xx.o
LOAD build/startup_stm32f767xx.o
LOAD build/main.o
LOAD build/adc.o
LOAD build/DSP.o
LOAD build/DataStructure.o
LOAD build/Message.o
LOAD build/Scheduler.o
LOAD build/SysTime.o
LOAD build/usart.o
LOAD build/HMI.o
LOAD /usr/bin/../lib/gcc/arm-none-eabi/10.2.1/../../../../arm-none-eabi/lib/thumb/v7e-m+dp/hard/libnosys.a
LOAD ./Drivers/CMSIS/Lib/GCC//libarm_cortexM7lfdp_math.a
LOAD /usr/bin/../lib/gcc/arm-none-eabi/10.2.1/../../../../arm-none-eabi/lib/thumb/v7e-m+dp/hard/libstdc++.a
LOAD /usr/bin/../lib/gcc/arm-none-eabi/10.2.1/../../../../arm-none-eabi/lib/thumb/v7e-m+dp/hard/libm.a
LOAD /usr/bin/../lib/gcc/arm-none-eabi/10.2.1/../../../../arm-none-eabi/lib/thumb/v7e-m+dp/hard/libc.a
START GROUP
LOAD /usr/bin/../lib/gcc/arm-none-eabi/10.2.1/thumb/v7e-m+dp/hard/libgcc.a
LOAD /usr/bin/../lib/gcc/arm-none-eabi/10.2.1/../../../../arm-none-eabi/lib/thumb/v7e-m+dp/hard/libc.a
END GROUP
START GROUP
LOAD /usr/bin/../lib/gcc/arm-none-eabi/10.2.1/thumb/v7e-m+dp/hard/libgcc.a
LOAD /usr/bin/../lib/gcc/arm-none-eabi/10.2.1/../../../../arm-none-eabi/lib/thumb/v7e-m+dp/hard/libc.a
LOAD /usr/bin/../lib/gcc/arm-none-eabi/10.2.1/../../../../arm-none-eabi/lib/thumb/v7e-m+dp/hard/libnosys.a
END GROUP
LOAD /usr/bin/../lib/gcc/arm-none-eabi/10.2.1/thumb/v7e-m+dp/hard/crtend.o
LOAD /usr/bin/../lib/gcc/arm-none-eabi/10.2.1/thumb/v7e-m+dp/hard/crtn.o
                0x0000000020080000                _estack = 0x20080000
                0x0000000000000200                _Min_Heap_Size = 0x200
                0x0000000000000400                _Min_Stack_Size = 0x400

.isr_vector     0x0000000008000000      0x1f8
                0x0000000008000000                . = ALIGN (0x4)
 *(.isr_vector)
 .isr_vector    0x0000000008000000      0x1f8 build/startup_stm32f767xx.o
                0x0000000008000000                g_pfnVectors
                0x00000000080001f8                . = ALIGN (0x4)

.text           0x0000000008000200    0x13530
                0x0000000008000200                . = ALIGN (0x4)
 *(.text)
 .text          0x0000000008000200       0x40 /usr/bin/../lib/gcc/arm-none-eabi/10.2.1/thumb/v7e-m+dp/hard/crtbegin.o
 .text          0x0000000008000240       0xc0 ./Drivers/CMSIS/Lib/GCC//libarm_cortexM7lfdp_math.a(arm_bitreversal2.o)
                0x0000000008000240                arm_bitreversal_32
                0x00000000080002aa                arm_bitreversal_16
 .text          0x0000000008000300      0x134 /usr/bin/../lib/gcc/arm-none-eabi/10.2.1/../../../../arm-none-eabi/lib/thumb/v7e-m+dp/hard/libc.a(lib_a-memcpy.o)
                0x0000000008000300                memcpy
 *fill*         0x0000000008000434        0xc 
 .text          0x0000000008000440      0x2dc /usr/bin/../lib/gcc/arm-none-eabi/10.2.1/../../../../arm-none-eabi/lib/thumb/v7e-m+dp/hard/libc.a(lib_a-strcmp.o)
                0x0000000008000448                strcmp
 *fill*         0x000000000800071c       0x24 
 .text          0x0000000008000740       0xdc /usr/bin/../lib/gcc/arm-none-eabi/10.2.1/../../../../arm-none-eabi/lib/thumb/v7e-m+dp/hard/libc.a(lib_a-strlen.o)
                0x0000000008000740                strlen
 *fill*         0x000000000800081c        0x4 
 .text          0x0000000008000820       0xa0 /usr/bin/../lib/gcc/arm-none-eabi/10.2.1/../../../../arm-none-eabi/lib/thumb/v7e-m+dp/hard/libc.a(lib_a-memchr.o)
                0x0000000008000820                memchr
 .text          0x00000000080008c0      0x378 /usr/bin/../lib/gcc/arm-none-eabi/10.2.1/thumb/v7e-m+dp/hard/libgcc.a(_arm_addsubdf3.o)
                0x00000000080008c0                __aeabi_drsub
                0x00000000080008c8                __aeabi_dsub
                0x00000000080008c8                __subdf3
                0x00000000080008cc                __adddf3
                0x00000000080008cc                __aeabi_dadd
                0x0000000008000b44                __aeabi_ui2d
                0x0000000008000b44                __floatunsidf
                0x0000000008000b64                __floatsidf
                0x0000000008000b64                __aeabi_i2d
                0x0000000008000b88                __extendsfdf2
                0x0000000008000b88                __aeabi_f2d
                0x0000000008000bcc                __aeabi_ul2d
                0x0000000008000bcc                __floatundidf
                0x0000000008000bdc                __floatdidf
                0x0000000008000bdc                __aeabi_l2d
 .text          0x0000000008000c38       0x30 /usr/bin/../lib/gcc/arm-none-eabi/10.2.1/thumb/v7e-m+dp/hard/libgcc.a(_aeabi_uldivmod.o)
                0x0000000008000c38                __aeabi_uldivmod
 .text          0x0000000008000c68       0x30 /usr/bin/../lib/gcc/arm-none-eabi/10.2.1/thumb/v7e-m+dp/hard/libgcc.a(_fixdfdi.o)
                0x0000000008000c68                __aeabi_d2lz
                0x0000000008000c68                __fixdfdi
 .text          0x0000000008000c98       0x40 /usr/bin/../lib/gcc/arm-none-eabi/10.2.1/thumb/v7e-m+dp/hard/libgcc.a(_fixunsdfdi.o)
                0x0000000008000c98                __aeabi_d2ulz
                0x0000000008000c98                __fixunsdfdi
 .text          0x0000000008000cd8      0x2d0 /usr/bin/../lib/gcc/arm-none-eabi/10.2.1/thumb/v7e-m+dp/hard/libgcc.a(_udivmoddi4.o)
                0x0000000008000cd8                __udivmoddi4
 .text          0x0000000008000fa8        0x4 /usr/bin/../lib/gcc/arm-none-eabi/10.2.1/thumb/v7e-m+dp/hard/libgcc.a(_dvmd_tls.o)
                0x0000000008000fa8                __aeabi_ldiv0
                0x0000000008000fa8                __aeabi_idiv0
 *(.text*)
 .text.MX_GPIO_Init
                0x0000000008000fac       0xd4 build/gpio.o
                0x0000000008000fac                MX_GPIO_Init
 .text.MX_DMA_Init
                0x0000000008001080       0x84 build/dma.o
                0x0000000008001080                MX_DMA_Init
 *fill*         0x0000000008001104        0x4 
 .text.MX_TIM2_Init
                0x0000000008001108      0x12c build/tim.o
                0x0000000008001108                MX_TIM2_Init
 *fill*         0x0000000008001234        0x4 
 .text.MX_TIM3_Init
                0x0000000008001238      0x144 build/tim.o
                0x0000000008001238                MX_TIM3_Init
 .text.HAL_TIM_Base_MspInit
                0x000000000800137c       0x50 build/tim.o
                0x000000000800137c                HAL_TIM_Base_MspInit
 .text.NMI_Handler
                0x00000000080013cc        0x4 build/stm32f7xx_it.o
                0x00000000080013cc                NMI_Handler
 .text.HardFault_Handler
                0x00000000080013d0        0x4 build/stm32f7xx_it.o
                0x00000000080013d0                HardFault_Handler
 .text.MemManage_Handler
                0x00000000080013d4        0x4 build/stm32f7xx_it.o
                0x00000000080013d4                MemManage_Handler
 .text.BusFault_Handler
                0x00000000080013d8        0x4 build/stm32f7xx_it.o
                0x00000000080013d8                BusFault_Handler
 .text.UsageFault_Handler
                0x00000000080013dc        0x4 build/stm32f7xx_it.o
                0x00000000080013dc                UsageFault_Handler
 .text.SVC_Handler
                0x00000000080013e0        0x4 build/stm32f7xx_it.o
                0x00000000080013e0                SVC_Handler
 .text.DebugMon_Handler
                0x00000000080013e4        0x4 build/stm32f7xx_it.o
                0x00000000080013e4                DebugMon_Handler
 .text.PendSV_Handler
                0x00000000080013e8        0x4 build/stm32f7xx_it.o
                0x00000000080013e8                PendSV_Handler
 .text.DMA1_Stream5_IRQHandler
                0x00000000080013ec        0xc build/stm32f7xx_it.o
                0x00000000080013ec                DMA1_Stream5_IRQHandler
 .text.DMA1_Stream6_IRQHandler
                0x00000000080013f8        0xc build/stm32f7xx_it.o
                0x00000000080013f8                DMA1_Stream6_IRQHandler
 .text.DMA2_Stream7_IRQHandler
                0x0000000008001404        0xc build/stm32f7xx_it.o
                0x0000000008001404                DMA2_Stream7_IRQHandler
 .text.DMA2_Stream2_IRQHandler
                0x0000000008001410        0xc build/stm32f7xx_it.o
                0x0000000008001410                DMA2_Stream2_IRQHandler
 .text.TIM2_IRQHandler
                0x000000000800141c        0xc build/stm32f7xx_it.o
                0x000000000800141c                TIM2_IRQHandler
 .text.USART1_IRQHandler
                0x0000000008001428        0xc build/stm32f7xx_it.o
                0x0000000008001428                USART1_IRQHandler
 .text.USART2_IRQHandler
                0x0000000008001434        0xc build/stm32f7xx_it.o
                0x0000000008001434                USART2_IRQHandler
 .text.DMA2_Stream0_IRQHandler
                0x0000000008001440        0xc build/stm32f7xx_it.o
                0x0000000008001440                DMA2_Stream0_IRQHandler
 .text.ADC_IRQHandler
                0x000000000800144c        0xc build/stm32f7xx_it.o
                0x000000000800144c                ADC_IRQHandler
 .text.HAL_MspInit
                0x0000000008001458       0x30 build/stm32f7xx_hal_msp.o
                0x0000000008001458                HAL_MspInit
 .text.HAL_ADC_Init
                0x0000000008001488      0x2d8 build/stm32f7xx_hal_adc.o
                0x0000000008001488                HAL_ADC_Init
 .text.HAL_ADC_ConvCpltCallback
                0x0000000008001760        0x4 build/stm32f7xx_hal_adc.o
                0x0000000008001760                HAL_ADC_ConvCpltCallback
 .text.HAL_ADC_LevelOutOfWindowCallback
                0x0000000008001764        0x4 build/stm32f7xx_hal_adc.o
                0x0000000008001764                HAL_ADC_LevelOutOfWindowCallback
 .text.HAL_ADC_ErrorCallback
                0x0000000008001768        0x4 build/stm32f7xx_hal_adc.o
                0x0000000008001768                HAL_ADC_ErrorCallback
 .text.HAL_ADC_IRQHandler
                0x000000000800176c      0x168 build/stm32f7xx_hal_adc.o
                0x000000000800176c                HAL_ADC_IRQHandler
 .text.HAL_ADC_ConfigChannel
                0x00000000080018d4      0x1c0 build/stm32f7xx_hal_adc.o
                0x00000000080018d4                HAL_ADC_ConfigChannel
 .text.HAL_ADCEx_InjectedConvCpltCallback
                0x0000000008001a94        0x4 build/stm32f7xx_hal_adc_ex.o
                0x0000000008001a94                HAL_ADCEx_InjectedConvCpltCallback
 .text.HAL_RCC_OscConfig
                0x0000000008001a98      0x4dc build/stm32f7xx_hal_rcc.o
                0x0000000008001a98                HAL_RCC_OscConfig
 .text.HAL_RCC_ClockConfig
                0x0000000008001f74      0x274 build/stm32f7xx_hal_rcc.o
                0x0000000008001f74                HAL_RCC_ClockConfig
 .text.HAL_RCC_GetSysClockFreq
                0x00000000080021e8       0x4c build/stm32f7xx_hal_rcc.o
                0x00000000080021e8                HAL_RCC_GetSysClockFreq
 .text.HAL_RCC_GetPCLK1Freq
                0x0000000008002234       0x20 build/stm32f7xx_hal_rcc.o
                0x0000000008002234                HAL_RCC_GetPCLK1Freq
 .text.HAL_RCC_GetPCLK2Freq
                0x0000000008002254       0x20 build/stm32f7xx_hal_rcc.o
                0x0000000008002254                HAL_RCC_GetPCLK2Freq
 .text.HAL_RCCEx_PeriphCLKConfig
                0x0000000008002274      0x9bc build/stm32f7xx_hal_rcc_ex.o
                0x0000000008002274                HAL_RCCEx_PeriphCLKConfig
 .text.HAL_GPIO_Init
                0x0000000008002c30      0x338 build/stm32f7xx_hal_gpio.o
                0x0000000008002c30                HAL_GPIO_Init
 .text.HAL_GPIO_ReadPin
                0x0000000008002f68       0x24 build/stm32f7xx_hal_gpio.o
                0x0000000008002f68                HAL_GPIO_ReadPin
 .text.HAL_GPIO_WritePin
                0x0000000008002f8c       0x34 build/stm32f7xx_hal_gpio.o
                0x0000000008002f8c                HAL_GPIO_WritePin
 .text.HAL_DMA_Init
                0x0000000008002fc0      0x35c build/stm32f7xx_hal_dma.o
                0x0000000008002fc0                HAL_DMA_Init
 .text.HAL_DMA_Start_IT
                0x000000000800331c       0xb8 build/stm32f7xx_hal_dma.o
                0x000000000800331c                HAL_DMA_Start_IT
 .text.HAL_DMA_Abort_IT
                0x00000000080033d4       0x28 build/stm32f7xx_hal_dma.o
                0x00000000080033d4                HAL_DMA_Abort_IT
 .text.HAL_DMA_IRQHandler
                0x00000000080033fc      0x1e0 build/stm32f7xx_hal_dma.o
                0x00000000080033fc                HAL_DMA_IRQHandler
 .text.HAL_DMAEx_MultiBufferStart_IT
                0x00000000080035dc      0x980 build/stm32f7xx_hal_dma_ex.o
                0x00000000080035dc                HAL_DMAEx_MultiBufferStart_IT
 .text.HAL_PWREx_EnableOverDrive
                0x0000000008003f5c       0x74 build/stm32f7xx_hal_pwr_ex.o
                0x0000000008003f5c                HAL_PWREx_EnableOverDrive
 .text.HAL_NVIC_SetPriorityGrouping
                0x0000000008003fd0       0x3c build/stm32f7xx_hal_cortex.o
                0x0000000008003fd0                HAL_NVIC_SetPriorityGrouping
 .text.HAL_NVIC_SetPriority
                0x000000000800400c       0x94 build/stm32f7xx_hal_cortex.o
                0x000000000800400c                HAL_NVIC_SetPriority
 .text.HAL_NVIC_EnableIRQ
                0x00000000080040a0       0x28 build/stm32f7xx_hal_cortex.o
                0x00000000080040a0                HAL_NVIC_EnableIRQ
 .text.HAL_SYSTICK_Config
                0x00000000080040c8       0x2c build/stm32f7xx_hal_cortex.o
                0x00000000080040c8                HAL_SYSTICK_Config
 .text.HAL_InitTick
                0x00000000080040f4       0x48 build/stm32f7xx_hal.o
                0x00000000080040f4                HAL_InitTick
 .text.HAL_Init
                0x000000000800413c       0x2c build/stm32f7xx_hal.o
                0x000000000800413c                HAL_Init
 .text.HAL_IncTick
                0x0000000008004168       0x18 build/stm32f7xx_hal.o
                0x0000000008004168                HAL_IncTick
 .text.HAL_GetTick
                0x0000000008004180        0xc build/stm32f7xx_hal.o
                0x0000000008004180                HAL_GetTick
 .text.TIM_OC1_SetConfig
                0x000000000800418c       0xc0 build/stm32f7xx_hal_tim.o
 .text.TIM_OC3_SetConfig
                0x000000000800424c       0xc8 build/stm32f7xx_hal_tim.o
 .text.HAL_TIM_Base_Init
                0x0000000008004314      0x268 build/stm32f7xx_hal_tim.o
                0x0000000008004314                HAL_TIM_Base_Init
 .text.HAL_TIM_OC_MspInit
                0x000000000800457c        0x4 build/stm32f7xx_hal_tim.o
                0x000000000800457c                HAL_TIM_OC_MspInit
 .text.HAL_TIM_OC_Init
                0x0000000008004580      0x268 build/stm32f7xx_hal_tim.o
                0x0000000008004580                HAL_TIM_OC_Init
 .text.HAL_TIM_OC_Start
                0x00000000080047e8      0x1a4 build/stm32f7xx_hal_tim.o
                0x00000000080047e8                HAL_TIM_OC_Start
 .text.HAL_TIM_PWM_MspInit
                0x000000000800498c        0x4 build/stm32f7xx_hal_tim.o
                0x000000000800498c                HAL_TIM_PWM_MspInit
 .text.HAL_TIM_PWM_Init
                0x0000000008004990      0x268 build/stm32f7xx_hal_tim.o
                0x0000000008004990                HAL_TIM_PWM_Init
 .text.HAL_TIM_ConfigClockSource
                0x0000000008004bf8      0x5a4 build/stm32f7xx_hal_tim.o
                0x0000000008004bf8                HAL_TIM_ConfigClockSource
 .text.HAL_TIM_PeriodElapsedCallback
                0x000000000800519c        0x4 build/stm32f7xx_hal_tim.o
                0x000000000800519c                HAL_TIM_PeriodElapsedCallback
 .text.HAL_TIM_OC_DelayElapsedCallback
                0x00000000080051a0        0x4 build/stm32f7xx_hal_tim.o
                0x00000000080051a0                HAL_TIM_OC_DelayElapsedCallback
 .text.HAL_TIM_IC_CaptureCallback
                0x00000000080051a4        0x4 build/stm32f7xx_hal_tim.o
                0x00000000080051a4                HAL_TIM_IC_CaptureCallback
 .text.HAL_TIM_PWM_PulseFinishedCallback
                0x00000000080051a8        0x4 build/stm32f7xx_hal_tim.o
                0x00000000080051a8                HAL_TIM_PWM_PulseFinishedCallback
 .text.HAL_TIM_TriggerCallback
                0x00000000080051ac        0x4 build/stm32f7xx_hal_tim.o
                0x00000000080051ac                HAL_TIM_TriggerCallback
 .text.HAL_TIM_IRQHandler
                0x00000000080051b0      0x170 build/stm32f7xx_hal_tim.o
                0x00000000080051b0                HAL_TIM_IRQHandler
 .text.TIM_OC2_SetConfig
                0x0000000008005320       0xc8 build/stm32f7xx_hal_tim.o
                0x0000000008005320                TIM_OC2_SetConfig
 .text.HAL_TIM_OC_ConfigChannel
                0x00000000080053e8      0x3fc build/stm32f7xx_hal_tim.o
                0x00000000080053e8                HAL_TIM_OC_ConfigChannel
 .text.HAL_TIM_PWM_ConfigChannel
                0x00000000080057e4      0x4d8 build/stm32f7xx_hal_tim.o
                0x00000000080057e4                HAL_TIM_PWM_ConfigChannel
 .text.HAL_TIMEx_MasterConfigSynchronization
                0x0000000008005cbc      0x148 build/stm32f7xx_hal_tim_ex.o
                0x0000000008005cbc                HAL_TIMEx_MasterConfigSynchronization
 .text.HAL_TIMEx_CommutCallback
                0x0000000008005e04        0x4 build/stm32f7xx_hal_tim_ex.o
                0x0000000008005e04                HAL_TIMEx_CommutCallback
 .text.HAL_TIMEx_BreakCallback
                0x0000000008005e08        0x4 build/stm32f7xx_hal_tim_ex.o
                0x0000000008005e08                HAL_TIMEx_BreakCallback
 .text.HAL_TIMEx_Break2Callback
                0x0000000008005e0c        0x4 build/stm32f7xx_hal_tim_ex.o
                0x0000000008005e0c                HAL_TIMEx_Break2Callback
 .text.HAL_UART_Transmit_DMA
                0x0000000008005e10       0x9c build/stm32f7xx_hal_uart.o
                0x0000000008005e10                HAL_UART_Transmit_DMA
 .text.HAL_UART_Receive_DMA
                0x0000000008005eac       0xa4 build/stm32f7xx_hal_uart.o
                0x0000000008005eac                HAL_UART_Receive_DMA
 .text.HAL_UART_TxCpltCallback
                0x0000000008005f50        0x4 build/stm32f7xx_hal_uart.o
                0x0000000008005f50                HAL_UART_TxCpltCallback
 .text.UART_DMATransmitCplt
                0x0000000008005f54       0x2c build/stm32f7xx_hal_uart.o
 .text.HAL_UART_TxHalfCpltCallback
                0x0000000008005f80        0x4 build/stm32f7xx_hal_uart.o
                0x0000000008005f80                HAL_UART_TxHalfCpltCallback
 .text.UART_DMATxHalfCplt
                0x0000000008005f84        0xc build/stm32f7xx_hal_uart.o
 .text.UART_DMAReceiveCplt
                0x0000000008005f90       0x38 build/stm32f7xx_hal_uart.o
 .text.HAL_UART_RxHalfCpltCallback
                0x0000000008005fc8        0x4 build/stm32f7xx_hal_uart.o
                0x0000000008005fc8                HAL_UART_RxHalfCpltCallback
 .text.UART_DMARxHalfCplt
                0x0000000008005fcc        0xc build/stm32f7xx_hal_uart.o
 .text.HAL_UART_ErrorCallback
                0x0000000008005fd8        0x4 build/stm32f7xx_hal_uart.o
                0x0000000008005fd8                HAL_UART_ErrorCallback
 .text.UART_DMAError
                0x0000000008005fdc       0x60 build/stm32f7xx_hal_uart.o
 .text.HAL_UART_IRQHandler
                0x000000000800603c      0x140 build/stm32f7xx_hal_uart.o
                0x000000000800603c                HAL_UART_IRQHandler
 .text.UART_DMAAbortOnError
                0x000000000800617c       0x14 build/stm32f7xx_hal_uart.o
 .text.UART_SetConfig
                0x0000000008006190      0x404 build/stm32f7xx_hal_uart.o
                0x0000000008006190                UART_SetConfig
 .text.UART_AdvFeatureConfig
                0x0000000008006594      0x1d4 build/stm32f7xx_hal_uart.o
                0x0000000008006594                UART_AdvFeatureConfig
 .text.HAL_UART_Init
                0x0000000008006768      0x1ac build/stm32f7xx_hal_uart.o
                0x0000000008006768                HAL_UART_Init
 .text.SystemInit
                0x0000000008006914       0x50 build/system_stm32f7xx.o
                0x0000000008006914                SystemInit
 .text.Reset_Handler
                0x0000000008006964       0x50 build/startup_stm32f767xx.o
                0x0000000008006964                Reset_Handler
 .text.Default_Handler
                0x00000000080069b4        0x2 build/startup_stm32f767xx.o
                0x00000000080069b4                RTC_Alarm_IRQHandler
                0x00000000080069b4                EXTI2_IRQHandler
                0x00000000080069b4                TIM8_CC_IRQHandler
                0x00000000080069b4                UART8_IRQHandler
                0x00000000080069b4                SPI4_IRQHandler
                0x00000000080069b4                TIM1_CC_IRQHandler
                0x00000000080069b4                DMA2_Stream5_IRQHandler
                0x00000000080069b4                JPEG_IRQHandler
                0x00000000080069b4                CAN3_RX1_IRQHandler
                0x00000000080069b4                PVD_IRQHandler
                0x00000000080069b4                TAMP_STAMP_IRQHandler
                0x00000000080069b4                CAN2_RX1_IRQHandler
                0x00000000080069b4                EXTI3_IRQHandler
                0x00000000080069b4                TIM8_TRG_COM_TIM14_IRQHandler
                0x00000000080069b4                DFSDM1_FLT1_IRQHandler
                0x00000000080069b4                TIM1_UP_TIM10_IRQHandler
                0x00000000080069b4                TIM8_UP_TIM13_IRQHandler
                0x00000000080069b4                I2C3_ER_IRQHandler
                0x00000000080069b4                DFSDM1_FLT2_IRQHandler
                0x00000000080069b4                EXTI0_IRQHandler
                0x00000000080069b4                I2C2_EV_IRQHandler
                0x00000000080069b4                DMA1_Stream2_IRQHandler
                0x00000000080069b4                CAN1_RX0_IRQHandler
                0x00000000080069b4                FPU_IRQHandler
                0x00000000080069b4                OTG_HS_WKUP_IRQHandler
                0x00000000080069b4                CAN3_SCE_IRQHandler
                0x00000000080069b4                LTDC_ER_IRQHandler
                0x00000000080069b4                CAN2_SCE_IRQHandler
                0x00000000080069b4                SPI1_IRQHandler
                0x00000000080069b4                TIM6_DAC_IRQHandler
                0x00000000080069b4                TIM1_BRK_TIM9_IRQHandler
                0x00000000080069b4                DCMI_IRQHandler
                0x00000000080069b4                CAN2_RX0_IRQHandler
                0x00000000080069b4                DMA2_Stream3_IRQHandler
                0x00000000080069b4                SAI2_IRQHandler
                0x00000000080069b4                DFSDM1_FLT3_IRQHandler
                0x00000000080069b4                USART6_IRQHandler
                0x00000000080069b4                CAN3_RX0_IRQHandler
                0x00000000080069b4                USART3_IRQHandler
                0x00000000080069b4                CAN1_RX1_IRQHandler
                0x00000000080069b4                UART5_IRQHandler
                0x00000000080069b4                TIM4_IRQHandler
                0x00000000080069b4                QUADSPI_IRQHandler
                0x00000000080069b4                I2C1_EV_IRQHandler
                0x00000000080069b4                DMA1_Stream1_IRQHandler
                0x00000000080069b4                UART4_IRQHandler
                0x00000000080069b4                TIM3_IRQHandler
                0x00000000080069b4                RCC_IRQHandler
                0x00000000080069b4                TIM8_BRK_TIM12_IRQHandler
                0x00000000080069b4                Default_Handler
                0x00000000080069b4                CEC_IRQHandler
                0x00000000080069b4                EXTI15_10_IRQHandler
                0x00000000080069b4                DMA1_Stream7_IRQHandler
                0x00000000080069b4                SPI5_IRQHandler
                0x00000000080069b4                TIM7_IRQHandler
                0x00000000080069b4                SDMMC1_IRQHandler
                0x00000000080069b4                CAN2_TX_IRQHandler
                0x00000000080069b4                TIM5_IRQHandler
                0x00000000080069b4                I2C3_EV_IRQHandler
                0x00000000080069b4                EXTI9_5_IRQHandler
                0x00000000080069b4                RTC_WKUP_IRQHandler
                0x00000000080069b4                LTDC_IRQHandler
                0x00000000080069b4                ETH_WKUP_IRQHandler
                0x00000000080069b4                SPDIF_RX_IRQHandler
                0x00000000080069b4                SPI2_IRQHandler
                0x00000000080069b4                OTG_HS_EP1_IN_IRQHandler
                0x00000000080069b4                DMA1_Stream0_IRQHandler
                0x00000000080069b4                CAN1_TX_IRQHandler
                0x00000000080069b4                EXTI4_IRQHandler
                0x00000000080069b4                RNG_IRQHandler
                0x00000000080069b4                ETH_IRQHandler
                0x00000000080069b4                OTG_HS_EP1_OUT_IRQHandler
                0x00000000080069b4                WWDG_IRQHandler
                0x00000000080069b4                SPI6_IRQHandler
                0x00000000080069b4                MDIOS_IRQHandler
                0x00000000080069b4                I2C4_EV_IRQHandler
                0x00000000080069b4                CAN3_TX_IRQHandler
                0x00000000080069b4                OTG_FS_WKUP_IRQHandler
                0x00000000080069b4                TIM1_TRG_COM_TIM11_IRQHandler
                0x00000000080069b4                OTG_HS_IRQHandler
                0x00000000080069b4                DMA2D_IRQHandler
                0x00000000080069b4                EXTI1_IRQHandler
                0x00000000080069b4                SDMMC2_IRQHandler
                0x00000000080069b4                UART7_IRQHandler
                0x00000000080069b4                DFSDM1_FLT0_IRQHandler
                0x00000000080069b4                I2C2_ER_IRQHandler
                0x00000000080069b4                DMA2_Stream1_IRQHandler
                0x00000000080069b4                CAN1_SCE_IRQHandler
                0x00000000080069b4                FLASH_IRQHandler
                0x00000000080069b4                DMA2_Stream4_IRQHandler
                0x00000000080069b4                OTG_FS_IRQHandler
                0x00000000080069b4                SPI3_IRQHandler
                0x00000000080069b4                DMA1_Stream4_IRQHandler
                0x00000000080069b4                I2C1_ER_IRQHandler
                0x00000000080069b4                FMC_IRQHandler
                0x00000000080069b4                LPTIM1_IRQHandler
                0x00000000080069b4                I2C4_ER_IRQHandler
                0x00000000080069b4                DMA2_Stream6_IRQHandler
                0x00000000080069b4                SAI1_IRQHandler
                0x00000000080069b4                DMA1_Stream3_IRQHandler
 *fill*         0x00000000080069b6        0x2 
 .text.startup.main
                0x00000000080069b8       0xb4 build/main.o
                0x00000000080069b8                main
 .text.Error_Handler
                0x0000000008006a6c       0x10 build/main.o
                0x0000000008006a6c                Error_Handler
 .text.assert_failed
                0x0000000008006a7c        0x4 build/main.o
                0x0000000008006a7c                assert_failed
 .text._ZL12ADC_DMAErrorP19__DMA_HandleTypeDef
                0x0000000008006a80       0x14 build/adc.o
 .text._ZL15ADC_DMAConvCpltP19__DMA_HandleTypeDef
                0x0000000008006a94       0x64 build/adc.o
 .text._Z13ADC_Start_DMAP17ADC_HandleTypeDefPmS1_m
                0x0000000008006af8      0x128 build/adc.o
                0x0000000008006af8                ADC_Start_DMA(ADC_HandleTypeDef*, unsigned long*, unsigned long*, unsigned long)
 .text._Z12MX_ADC1_Initv
                0x0000000008006c20       0xa8 build/adc.o
                0x0000000008006c20                MX_ADC1_Init()
 .text.HAL_ADC_MspInit
                0x0000000008006cc8       0xb0 build/adc.o
                0x0000000008006cc8                HAL_ADC_MspInit
 .text._ZN8FreqWaveD2Ev
                0x0000000008006d78        0xc build/DSP.o
                0x0000000008006d78                FreqWave::~FreqWave()
                0x0000000008006d78                FreqWave::~FreqWave()
 .text._Z22calculate_max_amp_freqP8FreqWave
                0x0000000008006d84       0xd8 build/DSP.o
                0x0000000008006d84                calculate_max_amp_freq(FreqWave*)
 *fill*         0x0000000008006e5c        0x4 
 .text._Z19virtualValGeneratorv
                0x0000000008006e60      0x12c build/DSP.o
                0x0000000008006e60                virtualValGenerator()
 *fill*         0x0000000008006f8c        0x4 
 .text._Z19signal_downsamplingv
                0x0000000008006f90      0x224 build/DSP.o
                0x0000000008006f90                signal_downsampling()
 .text._Z9PrintLoopv
                0x00000000080071b4      0x17c build/DSP.o
                0x00000000080071b4                PrintLoop()
 .text._Z10InitFilterv
                0x0000000008007330      0x11c build/DSP.o
                0x0000000008007330                InitFilter()
 .text.startup._GLOBAL__sub_I_S
                0x000000000800744c       0x68 build/DSP.o
 .text._ZN5QueueIhLj20EEC2Ev
                0x00000000080074b4        0xc build/DataStructure.o
                0x00000000080074b4                Queue<unsigned char, 20u>::Queue()
                0x00000000080074b4                Queue<unsigned char, 20u>::Queue()
 .text._ZN5QueueIhLj20EED2Ev
                0x00000000080074c0        0x4 build/DataStructure.o
                0x00000000080074c0                Queue<unsigned char, 20u>::~Queue()
                0x00000000080074c0                Queue<unsigned char, 20u>::~Queue()
 .text._ZN5QueueIhLj20EE9push_backEh
                0x00000000080074c4       0x2c build/DataStructure.o
                0x00000000080074c4                Queue<unsigned char, 20u>::push_back(unsigned char)
 .text._ZN5QueueIhLj20EE9pop_frontEi
                0x00000000080074f0       0x1c build/DataStructure.o
                0x00000000080074f0                Queue<unsigned char, 20u>::pop_front(int)
 .text._ZN5QueueIhLj20EEixEj
                0x000000000800750c       0x2c build/DataStructure.o
                0x000000000800750c                Queue<unsigned char, 20u>::operator[](unsigned int)
 .text._ZN5QueueIhLj80EEC2Ev
                0x0000000008007538        0xc build/DataStructure.o
                0x0000000008007538                Queue<unsigned char, 80u>::Queue()
                0x0000000008007538                Queue<unsigned char, 80u>::Queue()
 .text._ZN5QueueIhLj80EED2Ev
                0x0000000008007544        0x4 build/DataStructure.o
                0x0000000008007544                Queue<unsigned char, 80u>::~Queue()
                0x0000000008007544                Queue<unsigned char, 80u>::~Queue()
 .text._ZN5QueueIhLj80EE9push_backEh
                0x0000000008007548       0x2c build/DataStructure.o
                0x0000000008007548                Queue<unsigned char, 80u>::push_back(unsigned char)
 .text._ZN5QueueIhLj80EE9pop_frontEi
                0x0000000008007574       0x1c build/DataStructure.o
                0x0000000008007574                Queue<unsigned char, 80u>::pop_front(int)
 .text._ZN5QueueIhLj80EEixEj
                0x0000000008007590       0x2c build/DataStructure.o
                0x0000000008007590                Queue<unsigned char, 80u>::operator[](unsigned int)
 .text._ZN5QueueIhLj1024EEC2Ev
                0x00000000080075bc        0xc build/DataStructure.o
                0x00000000080075bc                Queue<unsigned char, 1024u>::Queue()
                0x00000000080075bc                Queue<unsigned char, 1024u>::Queue()
 .text._ZN5QueueIhLj1024EED2Ev
                0x00000000080075c8        0x4 build/DataStructure.o
                0x00000000080075c8                Queue<unsigned char, 1024u>::~Queue()
                0x00000000080075c8                Queue<unsigned char, 1024u>::~Queue()
 .text._ZN5QueueIhLj1024EE9push_backEh
                0x00000000080075cc       0x30 build/DataStructure.o
                0x00000000080075cc                Queue<unsigned char, 1024u>::push_back(unsigned char)
 .text._ZN5QueueIhLj1024EE15brute_push_backEh
                0x00000000080075fc       0x34 build/DataStructure.o
                0x00000000080075fc                Queue<unsigned char, 1024u>::brute_push_back(unsigned char)
 .text._ZN5QueueIhLj1024EE9pop_frontEv
                0x0000000008007630       0x30 build/DataStructure.o
                0x0000000008007630                Queue<unsigned char, 1024u>::pop_front()
 .text._ZN5QueueIhLj1024EE9pop_frontEi
                0x0000000008007660       0x20 build/DataStructure.o
                0x0000000008007660                Queue<unsigned char, 1024u>::pop_front(int)
 .text._ZN5QueueIhLj1024EEixEj
                0x0000000008007680       0x30 build/DataStructure.o
                0x0000000008007680                Queue<unsigned char, 1024u>::operator[](unsigned int)
 .text._ZN5QueueIhLj1024EE8set_tailEi
                0x00000000080076b0       0x14 build/DataStructure.o
                0x00000000080076b0                Queue<unsigned char, 1024u>::set_tail(int)
 .text._ZN5QueueIhLj1024EE10set_lengthEi
                0x00000000080076c4       0x14 build/DataStructure.o
                0x00000000080076c4                Queue<unsigned char, 1024u>::set_length(int)
 .text._ZN5QueueI9_WaveParaLj16EEC2Ev
                0x00000000080076d8       0x94 build/DataStructure.o
                0x00000000080076d8                Queue<_WavePara, 16u>::Queue()
                0x00000000080076d8                Queue<_WavePara, 16u>::Queue()
 .text._ZN5QueueI9_WaveParaLj16EED2Ev
                0x000000000800776c        0x4 build/DataStructure.o
                0x000000000800776c                Queue<_WavePara, 16u>::~Queue()
                0x000000000800776c                Queue<_WavePara, 16u>::~Queue()
 .text._ZN5QueueI9_WaveParaLj16EE15brute_push_backES0_
                0x0000000008007770       0x54 build/DataStructure.o
                0x0000000008007770                Queue<_WavePara, 16u>::brute_push_back(_WavePara)
 .text._ZN5QueueI9_WaveParaLj16EE9pop_frontEv
                0x00000000080077c4       0x40 build/DataStructure.o
                0x00000000080077c4                Queue<_WavePara, 16u>::pop_front()
 .text._Z19recv_frequency_infohR9_WavePara
                0x0000000008007804       0x90 build/Message.o
                0x0000000008007804                recv_frequency_info(unsigned char, _WavePara&)
 .text._Z17recv_battery_infoR11_BattStatus
                0x0000000008007894       0x58 build/Message.o
                0x0000000008007894                recv_battery_info(_BattStatus&)
 .text._ZN13MessageStreamD2Ev
                0x00000000080078ec       0x10 build/Message.o
                0x00000000080078ec                MessageStream::~MessageStream()
                0x00000000080078ec                MessageStream::~MessageStream()
 .text._ZN14ProtocolStreamD2Ev
                0x00000000080078fc       0x10 build/Message.o
                0x00000000080078fc                ProtocolStream::~ProtocolStream()
                0x00000000080078fc                ProtocolStream::~ProtocolStream()
 .text._Z8putcharsPKci
                0x000000000800790c       0x34 build/Message.o
                0x000000000800790c                putchars(char const*, int)
 .text._Z24recv_channel_enable_infoPb
                0x0000000008007940       0x78 build/Message.o
                0x0000000008007940                recv_channel_enable_info(bool*)
 .text._Z14SampleRoutine1PKc
                0x00000000080079b8       0x78 build/Message.o
                0x00000000080079b8                SampleRoutine1(char const*)
 .text._ZN13MessageStream14ParsingMessageEPhh
                0x0000000008007a30      0x210 build/Message.o
                0x0000000008007a30                MessageStream::ParsingMessage(unsigned char*, unsigned char)
 .text._ZN14ProtocolStream19send_frequency_infoEhR9_WavePara
                0x0000000008007c40       0xcc build/Message.o
                0x0000000008007c40                ProtocolStream::send_frequency_info(unsigned char, _WavePara&)
 .text._ZN14ProtocolStream17send_battery_infoER11_BattStatus
                0x0000000008007d0c       0x68 build/Message.o
                0x0000000008007d0c                ProtocolStream::send_battery_info(_BattStatus&)
 *fill*         0x0000000008007d74        0x4 
 .text._ZN14ProtocolStream11recv_packetEhPhm
                0x0000000008007d78       0xa8 build/Message.o
                0x0000000008007d78                ProtocolStream::recv_packet(unsigned char, unsigned char*, unsigned long)
 .text._ZN14ProtocolStream14ParsingMessageEPhh
                0x0000000008007e20      0x1c0 build/Message.o
                0x0000000008007e20                ProtocolStream::ParsingMessage(unsigned char*, unsigned char)
 .text._Z13UpdateMessagev
                0x0000000008007fe0       0xa0 build/Message.o
                0x0000000008007fe0                UpdateMessage()
 .text.startup._GLOBAL__sub_I_USBStream
                0x0000000008008080       0xbc build/Message.o
 .text._Z13run_schedulerv
                0x000000000800813c       0x38 build/Scheduler.o
                0x000000000800813c                run_scheduler()
 .text.SystemClock_Config
                0x0000000008008174       0xdc build/SysTime.o
                0x0000000008008174                SystemClock_Config
 .text.GetSysTicks
                0x0000000008008250       0x24 build/SysTime.o
                0x0000000008008250                GetSysTicks
 .text.GetUs    0x0000000008008274       0x40 build/SysTime.o
                0x0000000008008274                GetUs
 .text.SysTick_Handler
                0x00000000080082b4       0x3c build/SysTime.o
                0x00000000080082b4                SysTick_Handler
 .text._Z19MX_USART1_UART_Initv
                0x00000000080082f0       0x4c build/usart.o
                0x00000000080082f0                MX_USART1_UART_Init()
 .text._Z19MX_USART2_UART_Initv
                0x000000000800833c       0x4c build/usart.o
                0x000000000800833c                MX_USART2_UART_Init()
 .text.HAL_UART_MspInit
                0x0000000008008388      0x208 build/usart.o
                0x0000000008008388                HAL_UART_MspInit
 .text._Z18USART_20Hz_Routinev
                0x0000000008008590      0x11c build/usart.o
                0x0000000008008590                USART_20Hz_Routine()
 .text.HAL_UART_RxCpltCallback
                0x00000000080086ac       0x78 build/usart.o
                0x00000000080086ac                HAL_UART_RxCpltCallback
 .text._Z14USART_PutcharsP20__UART_HandleTypeDefPKci
                0x0000000008008724       0x74 build/usart.o
                0x0000000008008724                USART_Putchars(__UART_HandleTypeDef*, char const*, int)
 .text._Z10USART_PutsP20__UART_HandleTypeDefPKc
                0x0000000008008798       0x54 build/usart.o
                0x0000000008008798                USART_Puts(__UART_HandleTypeDef*, char const*)
 .text._Z10USART_PutcP20__UART_HandleTypeDefc
                0x00000000080087ec       0x2c build/usart.o
                0x00000000080087ec                USART_Putc(__UART_HandleTypeDef*, char)
 .text._Z12USART_PrintfP20__UART_HandleTypeDefPKcz
                0x0000000008008818       0x8c build/usart.o
                0x0000000008008818                USART_Printf(__UART_HandleTypeDef*, char const*, ...)
 .text.startup._GLOBAL__sub_I_USART1_TX_Stream
                0x00000000080088a4       0x6c build/usart.o
 .text._Z12OnBTNS1Clickv
                0x0000000008008910       0x10 build/HMI.o
                0x0000000008008910                OnBTNS1Click()
 .text._Z12OnBTNS1Pressv
                0x0000000008008920       0x10 build/HMI.o
                0x0000000008008920                OnBTNS1Press()
 .text._Z14OnBTNS1Releasev
                0x0000000008008930       0x10 build/HMI.o
                0x0000000008008930                OnBTNS1Release()
 .text._Z12OnBTNS2Clickv
                0x0000000008008940       0x10 build/HMI.o
                0x0000000008008940                OnBTNS2Click()
 .text._Z12OnBTNS2Pressv
                0x0000000008008950       0x10 build/HMI.o
                0x0000000008008950                OnBTNS2Press()
 .text._Z14OnBTNS2Releasev
                0x0000000008008960       0x10 build/HMI.o
                0x0000000008008960                OnBTNS2Release()
 .text._Z13UpdateButtonsv
                0x0000000008008970       0x80 build/HMI.o
                0x0000000008008970                UpdateButtons()
 .text._Z17ExecuteBtnRoutinev
                0x00000000080089f0       0x48 build/HMI.o
                0x00000000080089f0                ExecuteBtnRoutine()
 .text.arm_max_f32
                0x0000000008008a38       0xcc ./Drivers/CMSIS/Lib/GCC//libarm_cortexM7lfdp_math.a(arm_max_f32.o)
                0x0000000008008a38                arm_max_f32
 .text.arm_rfft_fast_init_f32
                0x0000000008008b04      0x168 ./Drivers/CMSIS/Lib/GCC//libarm_cortexM7lfdp_math.a(arm_rfft_fast_init_f32.o)
                0x0000000008008b04                arm_rfft_fast_init_f32
 .text.arm_rfft_fast_f32
                0x0000000008008c6c      0x188 ./Drivers/CMSIS/Lib/GCC//libarm_cortexM7lfdp_math.a(arm_rfft_fast_f32.o)
                0x0000000008008c6c                arm_rfft_fast_f32
 .text.arm_cfft_radix8by2_f32
                0x0000000008008df4      0x1a0 ./Drivers/CMSIS/Lib/GCC//libarm_cortexM7lfdp_math.a(arm_cfft_f32.o)
                0x0000000008008df4                arm_cfft_radix8by2_f32
 .text.arm_cfft_radix8by4_f32
                0x0000000008008f94      0x4b0 ./Drivers/CMSIS/Lib/GCC//libarm_cortexM7lfdp_math.a(arm_cfft_f32.o)
                0x0000000008008f94                arm_cfft_radix8by4_f32
 .text.arm_cfft_f32
                0x0000000008009444       0xf0 ./Drivers/CMSIS/Lib/GCC//libarm_cortexM7lfdp_math.a(arm_cfft_f32.o)
                0x0000000008009444                arm_cfft_f32
 .text.arm_biquad_cascade_df1_init_f32
                0x0000000008009534       0x1c ./Drivers/CMSIS/Lib/GCC//libarm_cortexM7lfdp_math.a(arm_biquad_cascade_df1_init_f32.o)
                0x0000000008009534                arm_biquad_cascade_df1_init_f32
 .text.arm_biquad_cascade_df1_f32
                0x0000000008009550      0x198 ./Drivers/CMSIS/Lib/GCC//libarm_cortexM7lfdp_math.a(arm_biquad_cascade_df1_f32.o)
                0x0000000008009550                arm_biquad_cascade_df1_f32
 .text.arm_cmplx_mag_f32
                0x00000000080096e8      0x1d0 ./Drivers/CMSIS/Lib/GCC//libarm_cortexM7lfdp_math.a(arm_cmplx_mag_f32.o)
                0x00000000080096e8                arm_cmplx_mag_f32
 .text.arm_sin_f32
                0x00000000080098b8       0x9c ./Drivers/CMSIS/Lib/GCC//libarm_cortexM7lfdp_math.a(arm_sin_f32.o)
                0x00000000080098b8                arm_sin_f32
 .text.arm_radix8_butterfly_f32
                0x0000000008009954      0x5e4 ./Drivers/CMSIS/Lib/GCC//libarm_cortexM7lfdp_math.a(arm_cfft_radix8_f32.o)
                0x0000000008009954                arm_radix8_butterfly_f32
 .text.__aeabi_atexit
                0x0000000008009f38        0xc /usr/bin/../lib/gcc/arm-none-eabi/10.2.1/../../../../arm-none-eabi/lib/thumb/v7e-m+dp/hard/libstdc++.a(atexit_arm.o)
                0x0000000008009f38                __aeabi_atexit
 .text.sqrtf    0x0000000008009f44       0x50 /usr/bin/../lib/gcc/arm-none-eabi/10.2.1/../../../../arm-none-eabi/lib/thumb/v7e-m+dp/hard/libm.a(lib_a-wf_sqrt.o)
                0x0000000008009f44                sqrtf
 .text.__ieee754_sqrtf
                0x0000000008009f94        0x8 /usr/bin/../lib/gcc/arm-none-eabi/10.2.1/../../../../arm-none-eabi/lib/thumb/v7e-m+dp/hard/libm.a(lib_a-ef_sqrt.o)
                0x0000000008009f94                __ieee754_sqrtf
 .text.__cxa_atexit
                0x0000000008009f9c        0xc /usr/bin/../lib/gcc/arm-none-eabi/10.2.1/../../../../arm-none-eabi/lib/thumb/v7e-m+dp/hard/libc.a(lib_a-cxa_atexit.o)
                0x0000000008009f9c                __cxa_atexit
 .text.__errno  0x0000000008009fa8        0xc /usr/bin/../lib/gcc/arm-none-eabi/10.2.1/../../../../arm-none-eabi/lib/thumb/v7e-m+dp/hard/libc.a(lib_a-errno.o)
                0x0000000008009fa8                __errno
 .text.__libc_init_array
                0x0000000008009fb4       0x48 /usr/bin/../lib/gcc/arm-none-eabi/10.2.1/../../../../arm-none-eabi/lib/thumb/v7e-m+dp/hard/libc.a(lib_a-init.o)
                0x0000000008009fb4                __libc_init_array
 .text.memset   0x0000000008009ffc       0xa4 /usr/bin/../lib/gcc/arm-none-eabi/10.2.1/../../../../arm-none-eabi/lib/thumb/v7e-m+dp/hard/libc.a(lib_a-memset.o)
                0x0000000008009ffc                memset
 .text.sscanf   0x000000000800a0a0       0x58 /usr/bin/../lib/gcc/arm-none-eabi/10.2.1/../../../../arm-none-eabi/lib/thumb/v7e-m+dp/hard/libc.a(lib_a-sscanf.o)
                0x000000000800a0a0                sscanf
 .text.__sread  0x000000000800a0f8       0x24 /usr/bin/../lib/gcc/arm-none-eabi/10.2.1/../../../../arm-none-eabi/lib/thumb/v7e-m+dp/hard/libc.a(lib_a-stdio.o)
                0x000000000800a0f8                __sread
 .text.__seofread
                0x000000000800a11c        0x4 /usr/bin/../lib/gcc/arm-none-eabi/10.2.1/../../../../arm-none-eabi/lib/thumb/v7e-m+dp/hard/libc.a(lib_a-stdio.o)
                0x000000000800a11c                __seofread
 .text.__swrite
                0x000000000800a120       0x40 /usr/bin/../lib/gcc/arm-none-eabi/10.2.1/../../../../arm-none-eabi/lib/thumb/v7e-m+dp/hard/libc.a(lib_a-stdio.o)
                0x000000000800a120                __swrite
 .text.__sseek  0x000000000800a160       0x20 /usr/bin/../lib/gcc/arm-none-eabi/10.2.1/../../../../arm-none-eabi/lib/thumb/v7e-m+dp/hard/libc.a(lib_a-stdio.o)
                0x000000000800a160                __sseek
 .text.__sclose
                0x000000000800a180        0x8 /usr/bin/../lib/gcc/arm-none-eabi/10.2.1/../../../../arm-none-eabi/lib/thumb/v7e-m+dp/hard/libc.a(lib_a-stdio.o)
                0x000000000800a180                __sclose
 .text.__ssvfscanf_r
                0x000000000800a188     0x16cc /usr/bin/../lib/gcc/arm-none-eabi/10.2.1/../../../../arm-none-eabi/lib/thumb/v7e-m+dp/hard/libc.a(lib_a-svfscanf.o)
                0x000000000800a188                __ssvfscanf_r
 .text.vsnprintf
                0x000000000800b854       0x70 /usr/bin/../lib/gcc/arm-none-eabi/10.2.1/../../../../arm-none-eabi/lib/thumb/v7e-m+dp/hard/libc.a(lib_a-vsnprintf.o)
                0x000000000800b854                vsnprintf
 .text._write_r
                0x000000000800b8c4       0x2c /usr/bin/../lib/gcc/arm-none-eabi/10.2.1/../../../../arm-none-eabi/lib/thumb/v7e-m+dp/hard/libc.a(lib_a-writer.o)
                0x000000000800b8c4                _write_r
 .text.__register_exitproc
                0x000000000800b8f0       0x8c /usr/bin/../lib/gcc/arm-none-eabi/10.2.1/../../../../arm-none-eabi/lib/thumb/v7e-m+dp/hard/libc.a(lib_a-__atexit.o)
                0x000000000800b8f0                __register_exitproc
 .text.startup.register_fini
                0x000000000800b97c       0x14 /usr/bin/../lib/gcc/arm-none-eabi/10.2.1/../../../../arm-none-eabi/lib/thumb/v7e-m+dp/hard/libc.a(lib_a-__call_atexit.o)
 .text.atexit   0x000000000800b990        0xc /usr/bin/../lib/gcc/arm-none-eabi/10.2.1/../../../../arm-none-eabi/lib/thumb/v7e-m+dp/hard/libc.a(lib_a-atexit.o)
                0x000000000800b990                atexit
 .text._close_r
                0x000000000800b99c       0x24 /usr/bin/../lib/gcc/arm-none-eabi/10.2.1/../../../../arm-none-eabi/lib/thumb/v7e-m+dp/hard/libc.a(lib_a-closer.o)
                0x000000000800b99c                _close_r
 .text.__libc_fini_array
                0x000000000800b9c0       0x2c /usr/bin/../lib/gcc/arm-none-eabi/10.2.1/../../../../arm-none-eabi/lib/thumb/v7e-m+dp/hard/libc.a(lib_a-fini.o)
                0x000000000800b9c0                __libc_fini_array
 .text.iswspace
                0x000000000800b9ec        0x8 /usr/bin/../lib/gcc/arm-none-eabi/10.2.1/../../../../arm-none-eabi/lib/thumb/v7e-m+dp/hard/libc.a(lib_a-iswspace.o)
                0x000000000800b9ec                iswspace
 .text.iswspace_l
                0x000000000800b9f4       0x14 /usr/bin/../lib/gcc/arm-none-eabi/10.2.1/../../../../arm-none-eabi/lib/thumb/v7e-m+dp/hard/libc.a(lib_a-iswspace_l.o)
                0x000000000800b9f4                iswspace_l
 .text.__locale_mb_cur_max
                0x000000000800ba08        0xc /usr/bin/../lib/gcc/arm-none-eabi/10.2.1/../../../../arm-none-eabi/lib/thumb/v7e-m+dp/hard/libc.a(lib_a-locale.o)
                0x000000000800ba08                __locale_mb_cur_max
 .text._localeconv_r
                0x000000000800ba14        0x8 /usr/bin/../lib/gcc/arm-none-eabi/10.2.1/../../../../arm-none-eabi/lib/thumb/v7e-m+dp/hard/libc.a(lib_a-localeconv.o)
                0x000000000800ba14                _localeconv_r
 .text.__retarget_lock_init_recursive
                0x000000000800ba1c        0x4 /usr/bin/../lib/gcc/arm-none-eabi/10.2.1/../../../../arm-none-eabi/lib/thumb/v7e-m+dp/hard/libc.a(lib_a-lock.o)
                0x000000000800ba1c                __retarget_lock_init_recursive
 .text.__retarget_lock_close_recursive
                0x000000000800ba20        0x4 /usr/bin/../lib/gcc/arm-none-eabi/10.2.1/../../../../arm-none-eabi/lib/thumb/v7e-m+dp/hard/libc.a(lib_a-lock.o)
                0x000000000800ba20                __retarget_lock_close_recursive
 .text.__retarget_lock_acquire_recursive
                0x000000000800ba24        0x4 /usr/bin/../lib/gcc/arm-none-eabi/10.2.1/../../../../arm-none-eabi/lib/thumb/v7e-m+dp/hard/libc.a(lib_a-lock.o)
                0x000000000800ba24                __retarget_lock_acquire_recursive
 .text.__retarget_lock_release_recursive
                0x000000000800ba28        0x4 /usr/bin/../lib/gcc/arm-none-eabi/10.2.1/../../../../arm-none-eabi/lib/thumb/v7e-m+dp/hard/libc.a(lib_a-lock.o)
                0x000000000800ba28                __retarget_lock_release_recursive
 .text._lseek_r
                0x000000000800ba2c       0x2c /usr/bin/../lib/gcc/arm-none-eabi/10.2.1/../../../../arm-none-eabi/lib/thumb/v7e-m+dp/hard/libc.a(lib_a-lseekr.o)
                0x000000000800ba2c                _lseek_r
 .text.malloc   0x000000000800ba58       0x10 /usr/bin/../lib/gcc/arm-none-eabi/10.2.1/../../../../arm-none-eabi/lib/thumb/v7e-m+dp/hard/libc.a(lib_a-malloc.o)
                0x000000000800ba58                malloc
 .text.free     0x000000000800ba68       0x10 /usr/bin/../lib/gcc/arm-none-eabi/10.2.1/../../../../arm-none-eabi/lib/thumb/v7e-m+dp/hard/libc.a(lib_a-malloc.o)
                0x000000000800ba68                free
 .text._malloc_r
                0x000000000800ba78      0x560 /usr/bin/../lib/gcc/arm-none-eabi/10.2.1/../../../../arm-none-eabi/lib/thumb/v7e-m+dp/hard/libc.a(lib_a-mallocr.o)
                0x000000000800ba78                _malloc_r
 .text._mbrtowc_r
                0x000000000800bfd8       0x44 /usr/bin/../lib/gcc/arm-none-eabi/10.2.1/../../../../arm-none-eabi/lib/thumb/v7e-m+dp/hard/libc.a(lib_a-mbrtowc.o)
                0x000000000800bfd8                _mbrtowc_r
 .text.__ascii_mbtowc
                0x000000000800c01c       0x2c /usr/bin/../lib/gcc/arm-none-eabi/10.2.1/../../../../arm-none-eabi/lib/thumb/v7e-m+dp/hard/libc.a(lib_a-mbtowc_r.o)
                0x000000000800c01c                __ascii_mbtowc
 .text.__malloc_lock
                0x000000000800c048        0xc /usr/bin/../lib/gcc/arm-none-eabi/10.2.1/../../../../arm-none-eabi/lib/thumb/v7e-m+dp/hard/libc.a(lib_a-mlock.o)
                0x000000000800c048                __malloc_lock
 .text.__malloc_unlock
                0x000000000800c054        0xc /usr/bin/../lib/gcc/arm-none-eabi/10.2.1/../../../../arm-none-eabi/lib/thumb/v7e-m+dp/hard/libc.a(lib_a-mlock.o)
                0x000000000800c054                __malloc_unlock
 .text._read_r  0x000000000800c060       0x2c /usr/bin/../lib/gcc/arm-none-eabi/10.2.1/../../../../arm-none-eabi/lib/thumb/v7e-m+dp/hard/libc.a(lib_a-readr.o)
                0x000000000800c060                _read_r
 .text.realloc  0x000000000800c08c       0x18 /usr/bin/../lib/gcc/arm-none-eabi/10.2.1/../../../../arm-none-eabi/lib/thumb/v7e-m+dp/hard/libc.a(lib_a-realloc.o)
                0x000000000800c08c                realloc
 .text._realloc_r
                0x000000000800c0a4      0x3d8 /usr/bin/../lib/gcc/arm-none-eabi/10.2.1/../../../../arm-none-eabi/lib/thumb/v7e-m+dp/hard/libc.a(lib_a-reallocr.o)
                0x000000000800c0a4                _realloc_r
 .text._sbrk_r  0x000000000800c47c       0x24 /usr/bin/../lib/gcc/arm-none-eabi/10.2.1/../../../../arm-none-eabi/lib/thumb/v7e-m+dp/hard/libc.a(lib_a-sbrkr.o)
                0x000000000800c47c                _sbrk_r
 .text.__sccl   0x000000000800c4a0       0x8c /usr/bin/../lib/gcc/arm-none-eabi/10.2.1/../../../../arm-none-eabi/lib/thumb/v7e-m+dp/hard/libc.a(lib_a-sccl.o)
                0x000000000800c4a0                __sccl
 .text.nanf     0x000000000800c52c        0xc /usr/bin/../lib/gcc/arm-none-eabi/10.2.1/../../../../arm-none-eabi/lib/thumb/v7e-m+dp/hard/libc.a(lib_a-sf_nan.o)
                0x000000000800c52c                nanf
 .text.sprintf  0x000000000800c538       0x40 /usr/bin/../lib/gcc/arm-none-eabi/10.2.1/../../../../arm-none-eabi/lib/thumb/v7e-m+dp/hard/libc.a(lib_a-sprintf.o)
                0x000000000800c538                sprintf
 .text._strtod_l
                0x000000000800c578      0xe2c /usr/bin/../lib/gcc/arm-none-eabi/10.2.1/../../../../arm-none-eabi/lib/thumb/v7e-m+dp/hard/libc.a(lib_a-strtod.o)
                0x000000000800c578                _strtod_l
 .text._strtod_r
                0x000000000800d3a4        0xc /usr/bin/../lib/gcc/arm-none-eabi/10.2.1/../../../../arm-none-eabi/lib/thumb/v7e-m+dp/hard/libc.a(lib_a-strtod.o)
                0x000000000800d3a4                _strtod_r
 .text._strtol_l.part.0
                0x000000000800d3b0      0x120 /usr/bin/../lib/gcc/arm-none-eabi/10.2.1/../../../../arm-none-eabi/lib/thumb/v7e-m+dp/hard/libc.a(lib_a-strtol.o)
 .text._strtol_r
                0x000000000800d4d0       0x1c /usr/bin/../lib/gcc/arm-none-eabi/10.2.1/../../../../arm-none-eabi/lib/thumb/v7e-m+dp/hard/libc.a(lib_a-strtol.o)
                0x000000000800d4d0                _strtol_r
 .text._strtoll_l.constprop.0
                0x000000000800d4ec      0x170 /usr/bin/../lib/gcc/arm-none-eabi/10.2.1/../../../../arm-none-eabi/lib/thumb/v7e-m+dp/hard/libc.a(lib_a-strtoll.o)
 .text._strtoll_r
                0x000000000800d65c        0x4 /usr/bin/../lib/gcc/arm-none-eabi/10.2.1/../../../../arm-none-eabi/lib/thumb/v7e-m+dp/hard/libc.a(lib_a-strtoll.o)
                0x000000000800d65c                _strtoll_r
 .text._strtoul_l.constprop.0
                0x000000000800d660      0x13c /usr/bin/../lib/gcc/arm-none-eabi/10.2.1/../../../../arm-none-eabi/lib/thumb/v7e-m+dp/hard/libc.a(lib_a-strtoul.o)
 .text._strtoul_r
                0x000000000800d79c        0x4 /usr/bin/../lib/gcc/arm-none-eabi/10.2.1/../../../../arm-none-eabi/lib/thumb/v7e-m+dp/hard/libc.a(lib_a-strtoul.o)
                0x000000000800d79c                _strtoul_r
 .text._strtoull_l.constprop.0
                0x000000000800d7a0      0x19c /usr/bin/../lib/gcc/arm-none-eabi/10.2.1/../../../../arm-none-eabi/lib/thumb/v7e-m+dp/hard/libc.a(lib_a-strtoull.o)
 .text._strtoull_r
                0x000000000800d93c        0x4 /usr/bin/../lib/gcc/arm-none-eabi/10.2.1/../../../../arm-none-eabi/lib/thumb/v7e-m+dp/hard/libc.a(lib_a-strtoull.o)
                0x000000000800d93c                _strtoull_r
 .text._sungetc_r
                0x000000000800d940       0x80 /usr/bin/../lib/gcc/arm-none-eabi/10.2.1/../../../../arm-none-eabi/lib/thumb/v7e-m+dp/hard/libc.a(lib_a-svfiscanf.o)
                0x000000000800d940                _sungetc_r
 .text.__ssrefill_r
                0x000000000800d9c0       0x3c /usr/bin/../lib/gcc/arm-none-eabi/10.2.1/../../../../arm-none-eabi/lib/thumb/v7e-m+dp/hard/libc.a(lib_a-svfiscanf.o)
                0x000000000800d9c0                __ssrefill_r
 .text._sfread_r
                0x000000000800d9fc       0xb4 /usr/bin/../lib/gcc/arm-none-eabi/10.2.1/../../../../arm-none-eabi/lib/thumb/v7e-m+dp/hard/libc.a(lib_a-svfiscanf.o)
                0x000000000800d9fc                _sfread_r
 .text._svfprintf_r
                0x000000000800dab0     0x1950 /usr/bin/../lib/gcc/arm-none-eabi/10.2.1/../../../../arm-none-eabi/lib/thumb/v7e-m+dp/hard/libc.a(lib_a-svfprintf.o)
                0x000000000800dab0                _svfprintf_r
 .text.__submore
                0x000000000800f400       0x78 /usr/bin/../lib/gcc/arm-none-eabi/10.2.1/../../../../arm-none-eabi/lib/thumb/v7e-m+dp/hard/libc.a(lib_a-ungetc.o)
                0x000000000800f400                __submore
 .text.__ascii_wctomb
                0x000000000800f478       0x1c /usr/bin/../lib/gcc/arm-none-eabi/10.2.1/../../../../arm-none-eabi/lib/thumb/v7e-m+dp/hard/libc.a(lib_a-wctomb_r.o)
                0x000000000800f478                __ascii_wctomb
 .text.quorem   0x000000000800f494      0x128 /usr/bin/../lib/gcc/arm-none-eabi/10.2.1/../../../../arm-none-eabi/lib/thumb/v7e-m+dp/hard/libc.a(lib_a-dtoa.o)
 *fill*         0x000000000800f5bc        0x4 
 .text._dtoa_r  0x000000000800f5c0      0xcd8 /usr/bin/../lib/gcc/arm-none-eabi/10.2.1/../../../../arm-none-eabi/lib/thumb/v7e-m+dp/hard/libc.a(lib_a-dtoa.o)
                0x000000000800f5c0                _dtoa_r
 .text.__sflush_r
                0x0000000008010298      0x130 /usr/bin/../lib/gcc/arm-none-eabi/10.2.1/../../../../arm-none-eabi/lib/thumb/v7e-m+dp/hard/libc.a(lib_a-fflush.o)
                0x0000000008010298                __sflush_r
 .text._fflush_r
                0x00000000080103c8       0x5c /usr/bin/../lib/gcc/arm-none-eabi/10.2.1/../../../../arm-none-eabi/lib/thumb/v7e-m+dp/hard/libc.a(lib_a-fflush.o)
                0x00000000080103c8                _fflush_r
 .text._cleanup_r
                0x0000000008010424        0xc /usr/bin/../lib/gcc/arm-none-eabi/10.2.1/../../../../arm-none-eabi/lib/thumb/v7e-m+dp/hard/libc.a(lib_a-findfp.o)
                0x0000000008010424                _cleanup_r
 .text.__sinit  0x0000000008010430      0x10c /usr/bin/../lib/gcc/arm-none-eabi/10.2.1/../../../../arm-none-eabi/lib/thumb/v7e-m+dp/hard/libc.a(lib_a-findfp.o)
                0x0000000008010430                __sinit
 .text.__sfp_lock_acquire
                0x000000000801053c        0xc /usr/bin/../lib/gcc/arm-none-eabi/10.2.1/../../../../arm-none-eabi/lib/thumb/v7e-m+dp/hard/libc.a(lib_a-findfp.o)
                0x000000000801053c                __sfp_lock_acquire
 .text.__sfp_lock_release
                0x0000000008010548        0xc /usr/bin/../lib/gcc/arm-none-eabi/10.2.1/../../../../arm-none-eabi/lib/thumb/v7e-m+dp/hard/libc.a(lib_a-findfp.o)
                0x0000000008010548                __sfp_lock_release
 .text._malloc_trim_r
                0x0000000008010554       0xa0 /usr/bin/../lib/gcc/arm-none-eabi/10.2.1/../../../../arm-none-eabi/lib/thumb/v7e-m+dp/hard/libc.a(lib_a-freer.o)
                0x0000000008010554                _malloc_trim_r
 .text._free_r  0x00000000080105f4      0x20c /usr/bin/../lib/gcc/arm-none-eabi/10.2.1/../../../../arm-none-eabi/lib/thumb/v7e-m+dp/hard/libc.a(lib_a-freer.o)
                0x00000000080105f4                _free_r
 .text._fwalk_reent
                0x0000000008010800       0x48 /usr/bin/../lib/gcc/arm-none-eabi/10.2.1/../../../../arm-none-eabi/lib/thumb/v7e-m+dp/hard/libc.a(lib_a-fwalk.o)
                0x0000000008010800                _fwalk_reent
 .text.rshift   0x0000000008010848       0xa4 /usr/bin/../lib/gcc/arm-none-eabi/10.2.1/../../../../arm-none-eabi/lib/thumb/v7e-m+dp/hard/libc.a(lib_a-gdtoa-gethex.o)
 .text.__gethex
                0x00000000080108ec      0x5dc /usr/bin/../lib/gcc/arm-none-eabi/10.2.1/../../../../arm-none-eabi/lib/thumb/v7e-m+dp/hard/libc.a(lib_a-gdtoa-gethex.o)
                0x00000000080108ec                __gethex
 .text.__match  0x0000000008010ec8       0x38 /usr/bin/../lib/gcc/arm-none-eabi/10.2.1/../../../../arm-none-eabi/lib/thumb/v7e-m+dp/hard/libc.a(lib_a-gdtoa-hexnan.o)
                0x0000000008010ec8                __match
 .text.__hexnan
                0x0000000008010f00      0x1ac /usr/bin/../lib/gcc/arm-none-eabi/10.2.1/../../../../arm-none-eabi/lib/thumb/v7e-m+dp/hard/libc.a(lib_a-gdtoa-hexnan.o)
                0x0000000008010f00                __hexnan
 .text.memmove  0x00000000080110ac       0xf8 /usr/bin/../lib/gcc/arm-none-eabi/10.2.1/../../../../arm-none-eabi/lib/thumb/v7e-m+dp/hard/libc.a(lib_a-memmove.o)
                0x00000000080110ac                memmove
 .text._Balloc  0x00000000080111a4       0x4c /usr/bin/../lib/gcc/arm-none-eabi/10.2.1/../../../../arm-none-eabi/lib/thumb/v7e-m+dp/hard/libc.a(lib_a-mprec.o)
                0x00000000080111a4                _Balloc
 .text._Bfree   0x00000000080111f0       0x14 /usr/bin/../lib/gcc/arm-none-eabi/10.2.1/../../../../arm-none-eabi/lib/thumb/v7e-m+dp/hard/libc.a(lib_a-mprec.o)
                0x00000000080111f0                _Bfree
 .text.__multadd
                0x0000000008011204       0xa8 /usr/bin/../lib/gcc/arm-none-eabi/10.2.1/../../../../arm-none-eabi/lib/thumb/v7e-m+dp/hard/libc.a(lib_a-mprec.o)
                0x0000000008011204                __multadd
 .text.__s2b    0x00000000080112ac       0xb4 /usr/bin/../lib/gcc/arm-none-eabi/10.2.1/../../../../arm-none-eabi/lib/thumb/v7e-m+dp/hard/libc.a(lib_a-mprec.o)
                0x00000000080112ac                __s2b
 .text.__hi0bits
                0x0000000008011360       0x40 /usr/bin/../lib/gcc/arm-none-eabi/10.2.1/../../../../arm-none-eabi/lib/thumb/v7e-m+dp/hard/libc.a(lib_a-mprec.o)
                0x0000000008011360                __hi0bits
 .text.__lo0bits
                0x00000000080113a0       0x60 /usr/bin/../lib/gcc/arm-none-eabi/10.2.1/../../../../arm-none-eabi/lib/thumb/v7e-m+dp/hard/libc.a(lib_a-mprec.o)
                0x00000000080113a0                __lo0bits
 .text.__i2b    0x0000000008011400       0x5c /usr/bin/../lib/gcc/arm-none-eabi/10.2.1/../../../../arm-none-eabi/lib/thumb/v7e-m+dp/hard/libc.a(lib_a-mprec.o)
                0x0000000008011400                __i2b
 .text.__multiply
                0x000000000801145c      0x158 /usr/bin/../lib/gcc/arm-none-eabi/10.2.1/../../../../arm-none-eabi/lib/thumb/v7e-m+dp/hard/libc.a(lib_a-mprec.o)
                0x000000000801145c                __multiply
 .text.__pow5mult
                0x00000000080115b4       0xc0 /usr/bin/../lib/gcc/arm-none-eabi/10.2.1/../../../../arm-none-eabi/lib/thumb/v7e-m+dp/hard/libc.a(lib_a-mprec.o)
                0x00000000080115b4                __pow5mult
 .text.__lshift
                0x0000000008011674       0xf0 /usr/bin/../lib/gcc/arm-none-eabi/10.2.1/../../../../arm-none-eabi/lib/thumb/v7e-m+dp/hard/libc.a(lib_a-mprec.o)
                0x0000000008011674                __lshift
 .text.__mcmp   0x0000000008011764       0x44 /usr/bin/../lib/gcc/arm-none-eabi/10.2.1/../../../../arm-none-eabi/lib/thumb/v7e-m+dp/hard/libc.a(lib_a-mprec.o)
                0x0000000008011764                __mcmp
 .text.__mdiff  0x00000000080117a8      0x14c /usr/bin/../lib/gcc/arm-none-eabi/10.2.1/../../../../arm-none-eabi/lib/thumb/v7e-m+dp/hard/libc.a(lib_a-mprec.o)
                0x00000000080117a8                __mdiff
 .text.__ulp    0x00000000080118f4       0x60 /usr/bin/../lib/gcc/arm-none-eabi/10.2.1/../../../../arm-none-eabi/lib/thumb/v7e-m+dp/hard/libc.a(lib_a-mprec.o)
                0x00000000080118f4                __ulp
 .text.__b2d    0x0000000008011954       0xc0 /usr/bin/../lib/gcc/arm-none-eabi/10.2.1/../../../../arm-none-eabi/lib/thumb/v7e-m+dp/hard/libc.a(lib_a-mprec.o)
                0x0000000008011954                __b2d
 .text.__d2b    0x0000000008011a14       0xd0 /usr/bin/../lib/gcc/arm-none-eabi/10.2.1/../../../../arm-none-eabi/lib/thumb/v7e-m+dp/hard/libc.a(lib_a-mprec.o)
                0x0000000008011a14                __d2b
 .text.__ratio  0x0000000008011ae4       0x64 /usr/bin/../lib/gcc/arm-none-eabi/10.2.1/../../../../arm-none-eabi/lib/thumb/v7e-m+dp/hard/libc.a(lib_a-mprec.o)
                0x0000000008011ae4                __ratio
 .text.__copybits
                0x0000000008011b48       0x5c /usr/bin/../lib/gcc/arm-none-eabi/10.2.1/../../../../arm-none-eabi/lib/thumb/v7e-m+dp/hard/libc.a(lib_a-mprec.o)
                0x0000000008011b48                __copybits
 .text.__any_on
                0x0000000008011ba4       0x64 /usr/bin/../lib/gcc/arm-none-eabi/10.2.1/../../../../arm-none-eabi/lib/thumb/v7e-m+dp/hard/libc.a(lib_a-mprec.o)
                0x0000000008011ba4                __any_on
 .text.frexp    0x0000000008011c08       0x78 /usr/bin/../lib/gcc/arm-none-eabi/10.2.1/../../../../arm-none-eabi/lib/thumb/v7e-m+dp/hard/libc.a(lib_a-s_frexp.o)
                0x0000000008011c08                frexp
 .text.nan      0x0000000008011c80       0x10 /usr/bin/../lib/gcc/arm-none-eabi/10.2.1/../../../../arm-none-eabi/lib/thumb/v7e-m+dp/hard/libc.a(lib_a-s_nan.o)
                0x0000000008011c80                nan
 .text.strncmp  0x0000000008011c90       0x80 /usr/bin/../lib/gcc/arm-none-eabi/10.2.1/../../../../arm-none-eabi/lib/thumb/v7e-m+dp/hard/libc.a(lib_a-strncmp.o)
                0x0000000008011c90                strncmp
 .text.strncpy  0x0000000008011d10       0x64 /usr/bin/../lib/gcc/arm-none-eabi/10.2.1/../../../../arm-none-eabi/lib/thumb/v7e-m+dp/hard/libc.a(lib_a-strncpy.o)
                0x0000000008011d10                strncpy
 .text.__ssprint_r
                0x0000000008011d74       0xf8 /usr/bin/../lib/gcc/arm-none-eabi/10.2.1/../../../../arm-none-eabi/lib/thumb/v7e-m+dp/hard/libc.a(lib_a-svfiprintf.o)
                0x0000000008011d74                __ssprint_r
 .text.__assert_func
                0x0000000008011e6c       0x40 /usr/bin/../lib/gcc/arm-none-eabi/10.2.1/../../../../arm-none-eabi/lib/thumb/v7e-m+dp/hard/libc.a(lib_a-assert.o)
                0x0000000008011e6c                __assert_func
 .text._calloc_r
                0x0000000008011eac       0x60 /usr/bin/../lib/gcc/arm-none-eabi/10.2.1/../../../../arm-none-eabi/lib/thumb/v7e-m+dp/hard/libc.a(lib_a-callocr.o)
                0x0000000008011eac                _calloc_r
 .text._fclose_r
                0x0000000008011f0c       0xcc /usr/bin/../lib/gcc/arm-none-eabi/10.2.1/../../../../arm-none-eabi/lib/thumb/v7e-m+dp/hard/libc.a(lib_a-fclose.o)
                0x0000000008011f0c                _fclose_r
 .text.fiprintf
                0x0000000008011fd8       0x28 /usr/bin/../lib/gcc/arm-none-eabi/10.2.1/../../../../arm-none-eabi/lib/thumb/v7e-m+dp/hard/libc.a(lib_a-fiprintf.o)
                0x0000000008011fd8                fiprintf
 .text.__sprint_r.part.0
                0x0000000008012000       0x78 /usr/bin/../lib/gcc/arm-none-eabi/10.2.1/../../../../arm-none-eabi/lib/thumb/v7e-m+dp/hard/libc.a(lib_a-vfiprintf.o)
 .text._vfiprintf_r
                0x0000000008012078      0xdf4 /usr/bin/../lib/gcc/arm-none-eabi/10.2.1/../../../../arm-none-eabi/lib/thumb/v7e-m+dp/hard/libc.a(lib_a-vfiprintf.o)
                0x0000000008012078                _vfiprintf_r
 .text.__sbprintf
                0x0000000008012e6c       0x80 /usr/bin/../lib/gcc/arm-none-eabi/10.2.1/../../../../arm-none-eabi/lib/thumb/v7e-m+dp/hard/libc.a(lib_a-vfiprintf.o)
 .text.__swsetup_r
                0x0000000008012eec       0xd4 /usr/bin/../lib/gcc/arm-none-eabi/10.2.1/../../../../arm-none-eabi/lib/thumb/v7e-m+dp/hard/libc.a(lib_a-wsetup.o)
                0x0000000008012eec                __swsetup_r
 .text.abort    0x0000000008012fc0       0x10 /usr/bin/../lib/gcc/arm-none-eabi/10.2.1/../../../../arm-none-eabi/lib/thumb/v7e-m+dp/hard/libc.a(lib_a-abort.o)
                0x0000000008012fc0                abort
 .text.__fputwc
                0x0000000008012fd0       0xa8 /usr/bin/../lib/gcc/arm-none-eabi/10.2.1/../../../../arm-none-eabi/lib/thumb/v7e-m+dp/hard/libc.a(lib_a-fputwc.o)
                0x0000000008012fd0                __fputwc
 .text._fputwc_r
                0x0000000008013078       0x68 /usr/bin/../lib/gcc/arm-none-eabi/10.2.1/../../../../arm-none-eabi/lib/thumb/v7e-m+dp/hard/libc.a(lib_a-fputwc.o)
                0x0000000008013078                _fputwc_r
 .text.__sfvwrite_r
                0x00000000080130e0      0x2f0 /usr/bin/../lib/gcc/arm-none-eabi/10.2.1/../../../../arm-none-eabi/lib/thumb/v7e-m+dp/hard/libc.a(lib_a-fvwrite.o)
                0x00000000080130e0                __sfvwrite_r
 .text.__smakebuf_r
                0x00000000080133d0       0xe0 /usr/bin/../lib/gcc/arm-none-eabi/10.2.1/../../../../arm-none-eabi/lib/thumb/v7e-m+dp/hard/libc.a(lib_a-makebuf.o)
                0x00000000080133d0                __smakebuf_r
 .text.raise    0x00000000080134b0       0x5c /usr/bin/../lib/gcc/arm-none-eabi/10.2.1/../../../../arm-none-eabi/lib/thumb/v7e-m+dp/hard/libc.a(lib_a-signal.o)
                0x00000000080134b0                raise
 .text._kill_r  0x000000000801350c       0x2c /usr/bin/../lib/gcc/arm-none-eabi/10.2.1/../../../../arm-none-eabi/lib/thumb/v7e-m+dp/hard/libc.a(lib_a-signalr.o)
                0x000000000801350c                _kill_r
 .text._getpid_r
                0x0000000008013538        0x4 /usr/bin/../lib/gcc/arm-none-eabi/10.2.1/../../../../arm-none-eabi/lib/thumb/v7e-m+dp/hard/libc.a(lib_a-signalr.o)
                0x0000000008013538                _getpid_r
 .text.__swbuf_r
                0x000000000801353c       0xb0 /usr/bin/../lib/gcc/arm-none-eabi/10.2.1/../../../../arm-none-eabi/lib/thumb/v7e-m+dp/hard/libc.a(lib_a-wbuf.o)
                0x000000000801353c                __swbuf_r
 .text._wcrtomb_r
                0x00000000080135ec       0x3c /usr/bin/../lib/gcc/arm-none-eabi/10.2.1/../../../../arm-none-eabi/lib/thumb/v7e-m+dp/hard/libc.a(lib_a-wcrtomb.o)
                0x00000000080135ec                _wcrtomb_r
 .text._fstat_r
                0x0000000008013628       0x2c /usr/bin/../lib/gcc/arm-none-eabi/10.2.1/../../../../arm-none-eabi/lib/thumb/v7e-m+dp/hard/libc.a(lib_a-fstatr.o)
                0x0000000008013628                _fstat_r
 .text._isatty_r
                0x0000000008013654       0x24 /usr/bin/../lib/gcc/arm-none-eabi/10.2.1/../../../../arm-none-eabi/lib/thumb/v7e-m+dp/hard/libc.a(lib_a-isattyr.o)
                0x0000000008013654                _isatty_r
 .text._close   0x0000000008013678       0x10 /usr/bin/../lib/gcc/arm-none-eabi/10.2.1/../../../../arm-none-eabi/lib/thumb/v7e-m+dp/hard/libnosys.a(close.o)
                0x0000000008013678                _close
 .text._fstat   0x0000000008013688       0x10 /usr/bin/../lib/gcc/arm-none-eabi/10.2.1/../../../../arm-none-eabi/lib/thumb/v7e-m+dp/hard/libnosys.a(fstat.o)
                0x0000000008013688                _fstat
 .text._getpid  0x0000000008013698       0x10 /usr/bin/../lib/gcc/arm-none-eabi/10.2.1/../../../../arm-none-eabi/lib/thumb/v7e-m+dp/hard/libnosys.a(getpid.o)
                0x0000000008013698                _getpid
 .text._isatty  0x00000000080136a8       0x10 /usr/bin/../lib/gcc/arm-none-eabi/10.2.1/../../../../arm-none-eabi/lib/thumb/v7e-m+dp/hard/libnosys.a(isatty.o)
                0x00000000080136a8                _isatty
 .text._kill    0x00000000080136b8       0x10 /usr/bin/../lib/gcc/arm-none-eabi/10.2.1/../../../../arm-none-eabi/lib/thumb/v7e-m+dp/hard/libnosys.a(kill.o)
                0x00000000080136b8                _kill
 .text._lseek   0x00000000080136c8       0x10 /usr/bin/../lib/gcc/arm-none-eabi/10.2.1/../../../../arm-none-eabi/lib/thumb/v7e-m+dp/hard/libnosys.a(lseek.o)
                0x00000000080136c8                _lseek
 .text._read    0x00000000080136d8       0x10 /usr/bin/../lib/gcc/arm-none-eabi/10.2.1/../../../../arm-none-eabi/lib/thumb/v7e-m+dp/hard/libnosys.a(read.o)
                0x00000000080136d8                _read
 .text._sbrk    0x00000000080136e8       0x1c /usr/bin/../lib/gcc/arm-none-eabi/10.2.1/../../../../arm-none-eabi/lib/thumb/v7e-m+dp/hard/libnosys.a(sbrk.o)
                0x00000000080136e8                _sbrk
 .text._write   0x0000000008013704       0x10 /usr/bin/../lib/gcc/arm-none-eabi/10.2.1/../../../../arm-none-eabi/lib/thumb/v7e-m+dp/hard/libnosys.a(write.o)
                0x0000000008013704                _write
 .text._exit    0x0000000008013714        0x4 /usr/bin/../lib/gcc/arm-none-eabi/10.2.1/../../../../arm-none-eabi/lib/thumb/v7e-m+dp/hard/libnosys.a(_exit.o)
                0x0000000008013714                _exit
 *(.glue_7)
 .glue_7        0x0000000008013718        0x0 linker stubs
 *(.glue_7t)
 .glue_7t       0x0000000008013718        0x0 linker stubs
 *(.eh_frame)
 .eh_frame      0x0000000008013718        0x0 /usr/bin/../lib/gcc/arm-none-eabi/10.2.1/thumb/v7e-m+dp/hard/crtbegin.o
 *(.init)
 .init          0x0000000008013718        0x4 /usr/bin/../lib/gcc/arm-none-eabi/10.2.1/thumb/v7e-m+dp/hard/crti.o
                0x0000000008013718                _init
 .init          0x000000000801371c        0x8 /usr/bin/../lib/gcc/arm-none-eabi/10.2.1/thumb/v7e-m+dp/hard/crtn.o
 *(.fini)
 .fini          0x0000000008013724        0x4 /usr/bin/../lib/gcc/arm-none-eabi/10.2.1/thumb/v7e-m+dp/hard/crti.o
                0x0000000008013724                _fini
 .fini          0x0000000008013728        0x8 /usr/bin/../lib/gcc/arm-none-eabi/10.2.1/thumb/v7e-m+dp/hard/crtn.o
                0x0000000008013730                . = ALIGN (0x4)
                0x0000000008013730                _etext = .

.vfp11_veneer   0x0000000008013730        0x0
 .vfp11_veneer  0x0000000008013730        0x0 linker stubs

.v4_bx          0x0000000008013730        0x0
 .v4_bx         0x0000000008013730        0x0 linker stubs

.iplt           0x0000000008013730        0x0
 .iplt          0x0000000008013730        0x0 /usr/bin/../lib/gcc/arm-none-eabi/10.2.1/thumb/v7e-m+dp/hard/crtbegin.o

.rodata         0x0000000008013730    0x14754
                0x0000000008013730                . = ALIGN (0x4)
 *(.rodata)
 .rodata        0x0000000008013730        0xc build/DSP.o
 *(.rodata*)
 .rodata.HAL_ADC_Init.str1.4
                0x000000000801373c       0x35 build/stm32f7xx_hal_adc.o
 *fill*         0x0000000008013771        0x3 
 .rodata.HAL_RCC_OscConfig.str1.4
                0x0000000008013774       0x35 build/stm32f7xx_hal_rcc.o
 *fill*         0x00000000080137a9        0x3 
 .rodata.HAL_RCCEx_PeriphCLKConfig.str1.4
                0x00000000080137ac       0x38 build/stm32f7xx_hal_rcc_ex.o
 .rodata.HAL_GPIO_Init.str1.4
                0x00000000080137e4       0x36 build/stm32f7xx_hal_gpio.o
 *fill*         0x000000000801381a        0x2 
 .rodata.HAL_DMA_Init.str1.4
                0x000000000801381c       0x35 build/stm32f7xx_hal_dma.o
 *fill*         0x0000000008013851        0x3 
 .rodata.flagBitshiftOffset.0
                0x0000000008013854        0x8 build/stm32f7xx_hal_dma.o
 .rodata.HAL_DMAEx_MultiBufferStart.str1.4
                0x000000000801385c       0x38 build/stm32f7xx_hal_dma_ex.o
 .rodata.HAL_NVIC_SetPriorityGrouping.str1.4
                0x0000000008013894       0x38 build/stm32f7xx_hal_cortex.o
 .rodata.TIM_OC1_SetConfig.str1.4
                0x00000000080138cc       0x35 build/stm32f7xx_hal_tim.o
 *fill*         0x0000000008013901        0x3 
 .rodata.HAL_TIMEx_HallSensor_Init.str1.4
                0x0000000008013904       0x38 build/stm32f7xx_hal_tim_ex.o
 .rodata.HAL_UART_DeInit.str1.4
                0x000000000801393c       0x36 build/stm32f7xx_hal_uart.o
 *fill*         0x0000000008013972        0x2 
 .rodata.CSWTCH.49
                0x0000000008013974        0x3 build/stm32f7xx_hal_uart.o
 *fill*         0x0000000008013977        0x1 
 .rodata.CSWTCH.50
                0x0000000008013978        0xd build/stm32f7xx_hal_uart.o
 *fill*         0x0000000008013985        0x3 
 .rodata.AHBPrescTable
                0x0000000008013988       0x10 build/system_stm32f7xx.o
                0x0000000008013988                AHBPrescTable
 .rodata.APBPrescTable
                0x0000000008013998        0x8 build/system_stm32f7xx.o
                0x0000000008013998                APBPrescTable
 .rodata.main.str1.4
                0x00000000080139a0       0x51 build/main.o
                                         0x57 (size before relaxing)
 *fill*         0x00000000080139f1        0x3 
 .rodata.Error_Handler.str1.4
                0x00000000080139f4        0x7 build/main.o
 *fill*         0x00000000080139fb        0x1 
 .rodata._Z13ADC_Start_DMAP17ADC_HandleTypeDefPmS1_m.str1.4
                0x00000000080139fc        0xc build/adc.o
 .rodata._Z9PrintLoopv.str1.4
                0x0000000008013a08        0x6 build/DSP.o
 *fill*         0x0000000008013a0e        0x2 
 .rodata._ZN5QueueIhLj20EEixEj.str1.4
                0x0000000008013a10       0x16 build/DataStructure.o
 *fill*         0x0000000008013a26        0x2 
 .rodata._Z19recv_frequency_infohR9_WavePara.str1.4
                0x0000000008013a28       0x2b build/Message.o
 *fill*         0x0000000008013a53        0x1 
 .rodata._Z17recv_battery_infoR11_BattStatus.str1.4
                0x0000000008013a54       0x44 build/Message.o
 .rodata._Z24recv_channel_enable_infoPb.str1.4
                0x0000000008013a98       0x21 build/Message.o
 *fill*         0x0000000008013ab9        0x3 
 .rodata._Z14DefaultRoutinePKc.str1.4
                0x0000000008013abc       0x15 build/Message.o
 *fill*         0x0000000008013ad1        0x3 
 .rodata._Z14SampleRoutine1PKc.str1.4
                0x0000000008013ad4        0x9 build/Message.o
 *fill*         0x0000000008013add        0x3 
 .rodata._Z14SampleRoutine2PKc.str1.4
                0x0000000008013ae0       0x3b build/Message.o
 *fill*         0x0000000008013b1b        0x1 
 .rodata._Z14SampleRoutine3PKc.str1.4
                0x0000000008013b1c       0x33 build/Message.o
 *fill*         0x0000000008013b4f        0x1 
 .rodata.CSWTCH.19
                0x0000000008013b50        0xc build/Message.o
 .rodata._Z12OnBTNS1Clickv.str1.4
                0x0000000008013b5c       0x19 build/HMI.o
 *fill*         0x0000000008013b75        0x3 
 .rodata._Z12OnBTNS1Pressv.str1.4
                0x0000000008013b78       0x19 build/HMI.o
 *fill*         0x0000000008013b91        0x3 
 .rodata._Z14OnBTNS1Releasev.str1.4
                0x0000000008013b94       0x1b build/HMI.o
 *fill*         0x0000000008013baf        0x1 
 .rodata._Z12OnBTNS2Clickv.str1.4
                0x0000000008013bb0       0x19 build/HMI.o
 *fill*         0x0000000008013bc9        0x3 
 .rodata._Z12OnBTNS2Pressv.str1.4
                0x0000000008013bcc       0x19 build/HMI.o
 *fill*         0x0000000008013be5        0x3 
 .rodata._Z14OnBTNS2Releasev.str1.4
                0x0000000008013be8       0x1b build/HMI.o
 *fill*         0x0000000008013c03        0x1 
 .rodata.twiddleCoef_2048
                0x0000000008013c04     0x4000 ./Drivers/CMSIS/Lib/GCC//libarm_cortexM7lfdp_math.a(arm_common_tables.o)
                0x0000000008013c04                twiddleCoef_2048
 .rodata.twiddleCoef_rfft_64
                0x0000000008017c04      0x100 ./Drivers/CMSIS/Lib/GCC//libarm_cortexM7lfdp_math.a(arm_common_tables.o)
                0x0000000008017c04                twiddleCoef_rfft_64
 .rodata.armBitRevIndexTable64
                0x0000000008017d04       0x70 ./Drivers/CMSIS/Lib/GCC//libarm_cortexM7lfdp_math.a(arm_common_tables.o)
                0x0000000008017d04                armBitRevIndexTable64
 .rodata.twiddleCoef_rfft_2048
                0x0000000008017d74     0x2000 ./Drivers/CMSIS/Lib/GCC//libarm_cortexM7lfdp_math.a(arm_common_tables.o)
                0x0000000008017d74                twiddleCoef_rfft_2048
 .rodata.twiddleCoef_rfft_4096
                0x0000000008019d74     0x4000 ./Drivers/CMSIS/Lib/GCC//libarm_cortexM7lfdp_math.a(arm_common_tables.o)
                0x0000000008019d74                twiddleCoef_rfft_4096
 .rodata.twiddleCoef_256
                0x000000000801dd74      0x800 ./Drivers/CMSIS/Lib/GCC//libarm_cortexM7lfdp_math.a(arm_common_tables.o)
                0x000000000801dd74                twiddleCoef_256
 .rodata.twiddleCoef_16
                0x000000000801e574       0x80 ./Drivers/CMSIS/Lib/GCC//libarm_cortexM7lfdp_math.a(arm_common_tables.o)
                0x000000000801e574                twiddleCoef_16
 .rodata.twiddleCoef_1024
                0x000000000801e5f4     0x2000 ./Drivers/CMSIS/Lib/GCC//libarm_cortexM7lfdp_math.a(arm_common_tables.o)
                0x000000000801e5f4                twiddleCoef_1024
 .rodata.twiddleCoef_32
                0x00000000080205f4      0x100 ./Drivers/CMSIS/Lib/GCC//libarm_cortexM7lfdp_math.a(arm_common_tables.o)
                0x00000000080205f4                twiddleCoef_32
 .rodata.armBitRevIndexTable1024
                0x00000000080206f4      0xe10 ./Drivers/CMSIS/Lib/GCC//libarm_cortexM7lfdp_math.a(arm_common_tables.o)
                0x00000000080206f4                armBitRevIndexTable1024
 .rodata.armBitRevIndexTable16
                0x0000000008021504       0x28 ./Drivers/CMSIS/Lib/GCC//libarm_cortexM7lfdp_math.a(arm_common_tables.o)
                0x0000000008021504                armBitRevIndexTable16
 .rodata.twiddleCoef_rfft_32
                0x000000000802152c       0x80 ./Drivers/CMSIS/Lib/GCC//libarm_cortexM7lfdp_math.a(arm_common_tables.o)
                0x000000000802152c                twiddleCoef_rfft_32
 .rodata.armBitRevIndexTable32
                0x00000000080215ac       0x60 ./Drivers/CMSIS/Lib/GCC//libarm_cortexM7lfdp_math.a(arm_common_tables.o)
                0x00000000080215ac                armBitRevIndexTable32
 .rodata.sinTable_f32
                0x000000000802160c      0x804 ./Drivers/CMSIS/Lib/GCC//libarm_cortexM7lfdp_math.a(arm_common_tables.o)
                0x000000000802160c                sinTable_f32
 .rodata.twiddleCoef_128
                0x0000000008021e10      0x400 ./Drivers/CMSIS/Lib/GCC//libarm_cortexM7lfdp_math.a(arm_common_tables.o)
                0x0000000008021e10                twiddleCoef_128
 .rodata.twiddleCoef_512
                0x0000000008022210     0x1000 ./Drivers/CMSIS/Lib/GCC//libarm_cortexM7lfdp_math.a(arm_common_tables.o)
                0x0000000008022210                twiddleCoef_512
 .rodata.armBitRevIndexTable2048
                0x0000000008023210     0x1dc0 ./Drivers/CMSIS/Lib/GCC//libarm_cortexM7lfdp_math.a(arm_common_tables.o)
                0x0000000008023210                armBitRevIndexTable2048
 .rodata.twiddleCoef_64
                0x0000000008024fd0      0x200 ./Drivers/CMSIS/Lib/GCC//libarm_cortexM7lfdp_math.a(arm_common_tables.o)
                0x0000000008024fd0                twiddleCoef_64
 .rodata.twiddleCoef_rfft_512
                0x00000000080251d0      0x800 ./Drivers/CMSIS/Lib/GCC//libarm_cortexM7lfdp_math.a(arm_common_tables.o)
                0x00000000080251d0                twiddleCoef_rfft_512
 .rodata.armBitRevIndexTable512
                0x00000000080259d0      0x380 ./Drivers/CMSIS/Lib/GCC//libarm_cortexM7lfdp_math.a(arm_common_tables.o)
                0x00000000080259d0                armBitRevIndexTable512
 .rodata.twiddleCoef_rfft_1024
                0x0000000008025d50     0x1000 ./Drivers/CMSIS/Lib/GCC//libarm_cortexM7lfdp_math.a(arm_common_tables.o)
                0x0000000008025d50                twiddleCoef_rfft_1024
 .rodata.twiddleCoef_rfft_256
                0x0000000008026d50      0x400 ./Drivers/CMSIS/Lib/GCC//libarm_cortexM7lfdp_math.a(arm_common_tables.o)
                0x0000000008026d50                twiddleCoef_rfft_256
 .rodata.armBitRevIndexTable256
                0x0000000008027150      0x370 ./Drivers/CMSIS/Lib/GCC//libarm_cortexM7lfdp_math.a(arm_common_tables.o)
                0x0000000008027150                armBitRevIndexTable256
 .rodata.twiddleCoef_rfft_128
                0x00000000080274c0      0x200 ./Drivers/CMSIS/Lib/GCC//libarm_cortexM7lfdp_math.a(arm_common_tables.o)
                0x00000000080274c0                twiddleCoef_rfft_128
 .rodata.armBitRevIndexTable128
                0x00000000080276c0      0x1a0 ./Drivers/CMSIS/Lib/GCC//libarm_cortexM7lfdp_math.a(arm_common_tables.o)
                0x00000000080276c0                armBitRevIndexTable128
 .rodata._global_impure_ptr
                0x0000000008027860        0x4 /usr/bin/../lib/gcc/arm-none-eabi/10.2.1/../../../../arm-none-eabi/lib/thumb/v7e-m+dp/hard/libc.a(lib_a-impure.o)
                0x0000000008027860                _global_impure_ptr
 .rodata.__ssvfscanf_r.str1.4
                0x0000000008027864        0x5 /usr/bin/../lib/gcc/arm-none-eabi/10.2.1/../../../../arm-none-eabi/lib/thumb/v7e-m+dp/hard/libc.a(lib_a-svfscanf.o)
                                          0x9 (size before relaxing)
 *fill*         0x0000000008027869        0x3 
 .rodata.basefix.0
                0x000000000802786c       0x22 /usr/bin/../lib/gcc/arm-none-eabi/10.2.1/../../../../arm-none-eabi/lib/thumb/v7e-m+dp/hard/libc.a(lib_a-svfscanf.o)
 *fill*         0x000000000802788e        0x2 
 .rodata._ctype_
                0x0000000008027890      0x101 /usr/bin/../lib/gcc/arm-none-eabi/10.2.1/../../../../arm-none-eabi/lib/thumb/v7e-m+dp/hard/libc.a(lib_a-ctype_.o)
                0x0000000008027890                _ctype_
 *fill*         0x0000000008027991        0x3 
 .rodata._setlocale_r.str1.4
                0x0000000008027994        0xa /usr/bin/../lib/gcc/arm-none-eabi/10.2.1/../../../../arm-none-eabi/lib/thumb/v7e-m+dp/hard/libc.a(lib_a-locale.o)
                                          0xd (size before relaxing)
 *fill*         0x000000000802799e        0x2 
 .rodata.str1.4
                0x00000000080279a0        0x2 /usr/bin/../lib/gcc/arm-none-eabi/10.2.1/../../../../arm-none-eabi/lib/thumb/v7e-m+dp/hard/libc.a(lib_a-locale.o)
 .rodata._mbrtowc_r.str1.4
                0x00000000080279a2        0x1 /usr/bin/../lib/gcc/arm-none-eabi/10.2.1/../../../../arm-none-eabi/lib/thumb/v7e-m+dp/hard/libc.a(lib_a-mbrtowc.o)
 *fill*         0x00000000080279a2        0x2 
 .rodata._strtod_l.str1.4
                0x00000000080279a4        0xf /usr/bin/../lib/gcc/arm-none-eabi/10.2.1/../../../../arm-none-eabi/lib/thumb/v7e-m+dp/hard/libc.a(lib_a-strtod.o)
                                         0x11 (size before relaxing)
 *fill*         0x00000000080279b3        0x1 
 .rodata.fpi.1  0x00000000080279b4       0x14 /usr/bin/../lib/gcc/arm-none-eabi/10.2.1/../../../../arm-none-eabi/lib/thumb/v7e-m+dp/hard/libc.a(lib_a-strtod.o)
 .rodata.fpinan.0
                0x00000000080279c8       0x14 /usr/bin/../lib/gcc/arm-none-eabi/10.2.1/../../../../arm-none-eabi/lib/thumb/v7e-m+dp/hard/libc.a(lib_a-strtod.o)
 *fill*         0x00000000080279dc        0x4 
 .rodata.tinytens
                0x00000000080279e0       0x28 /usr/bin/../lib/gcc/arm-none-eabi/10.2.1/../../../../arm-none-eabi/lib/thumb/v7e-m+dp/hard/libc.a(lib_a-strtod.o)
 .rodata._svfprintf_r.str1.4
                0x0000000008027a08       0x42 /usr/bin/../lib/gcc/arm-none-eabi/10.2.1/../../../../arm-none-eabi/lib/thumb/v7e-m+dp/hard/libc.a(lib_a-svfprintf.o)
 *fill*         0x0000000008027a4a        0x2 
 .rodata.blanks.1
                0x0000000008027a4c       0x10 /usr/bin/../lib/gcc/arm-none-eabi/10.2.1/../../../../arm-none-eabi/lib/thumb/v7e-m+dp/hard/libc.a(lib_a-svfprintf.o)
 .rodata.zeroes.0
                0x0000000008027a5c       0x10 /usr/bin/../lib/gcc/arm-none-eabi/10.2.1/../../../../arm-none-eabi/lib/thumb/v7e-m+dp/hard/libc.a(lib_a-svfprintf.o)
 .rodata._dtoa_r.str1.4
                0x0000000008027a6c       0xa1 /usr/bin/../lib/gcc/arm-none-eabi/10.2.1/../../../../arm-none-eabi/lib/thumb/v7e-m+dp/hard/libc.a(lib_a-dtoa.o)
                                         0xa5 (size before relaxing)
 *fill*         0x0000000008027b0d        0x3 
 .rodata.__gethex.str1.4
                0x0000000008027b10       0x85 /usr/bin/../lib/gcc/arm-none-eabi/10.2.1/../../../../arm-none-eabi/lib/thumb/v7e-m+dp/hard/libc.a(lib_a-gdtoa-gethex.o)
                                         0x99 (size before relaxing)
 *fill*         0x0000000008027b95        0x3 
 .rodata.__hexdig
                0x0000000008027b98      0x100 /usr/bin/../lib/gcc/arm-none-eabi/10.2.1/../../../../arm-none-eabi/lib/thumb/v7e-m+dp/hard/libc.a(lib_a-gdtoa-gethex.o)
                0x0000000008027b98                __hexdig
 .rodata.str1.4
                0x0000000008027c98        0x5 /usr/bin/../lib/gcc/arm-none-eabi/10.2.1/../../../../arm-none-eabi/lib/thumb/v7e-m+dp/hard/libc.a(lib_a-lnumeric.o)
 .rodata._C_numeric_locale
                0x0000000008027c98        0xc /usr/bin/../lib/gcc/arm-none-eabi/10.2.1/../../../../arm-none-eabi/lib/thumb/v7e-m+dp/hard/libc.a(lib_a-lnumeric.o)
                0x0000000008027c98                _C_numeric_locale
 .rodata.__multadd.str1.4
                0x0000000008027ca4       0x7e /usr/bin/../lib/gcc/arm-none-eabi/10.2.1/../../../../arm-none-eabi/lib/thumb/v7e-m+dp/hard/libc.a(lib_a-mprec.o)
                                         0x92 (size before relaxing)
 *fill*         0x0000000008027d22        0x6 
 .rodata.__mprec_bigtens
                0x0000000008027d28       0x28 /usr/bin/../lib/gcc/arm-none-eabi/10.2.1/../../../../arm-none-eabi/lib/thumb/v7e-m+dp/hard/libc.a(lib_a-mprec.o)
                0x0000000008027d28                __mprec_bigtens
 .rodata.__mprec_tens
                0x0000000008027d50       0xc8 /usr/bin/../lib/gcc/arm-none-eabi/10.2.1/../../../../arm-none-eabi/lib/thumb/v7e-m+dp/hard/libc.a(lib_a-mprec.o)
                0x0000000008027d50                __mprec_tens
 .rodata.p05.0  0x0000000008027e18        0xc /usr/bin/../lib/gcc/arm-none-eabi/10.2.1/../../../../arm-none-eabi/lib/thumb/v7e-m+dp/hard/libc.a(lib_a-mprec.o)
 .rodata.__assert_func.str1.4
                0x0000000008027e24       0x3f /usr/bin/../lib/gcc/arm-none-eabi/10.2.1/../../../../arm-none-eabi/lib/thumb/v7e-m+dp/hard/libc.a(lib_a-assert.o)
                                         0x43 (size before relaxing)
 .rodata._vfiprintf_r.str1.4
                0x0000000008027e63       0x2f /usr/bin/../lib/gcc/arm-none-eabi/10.2.1/../../../../arm-none-eabi/lib/thumb/v7e-m+dp/hard/libc.a(lib_a-vfiprintf.o)
 *fill*         0x0000000008027e63        0x1 
 .rodata.blanks.1
                0x0000000008027e64       0x10 /usr/bin/../lib/gcc/arm-none-eabi/10.2.1/../../../../arm-none-eabi/lib/thumb/v7e-m+dp/hard/libc.a(lib_a-vfiprintf.o)
 .rodata.zeroes.0
                0x0000000008027e74       0x10 /usr/bin/../lib/gcc/arm-none-eabi/10.2.1/../../../../arm-none-eabi/lib/thumb/v7e-m+dp/hard/libc.a(lib_a-vfiprintf.o)
                0x0000000008027e84                . = ALIGN (0x4)

.ARM.extab
 *(.ARM.extab* .gnu.linkonce.armextab.*)

.ARM            0x0000000008027e84        0x8
                0x0000000008027e84                __exidx_start = .
 *(.ARM.exidx*)
 .ARM.exidx.text.__aeabi_atexit
                0x0000000008027e8c        0x0 /usr/bin/../lib/gcc/arm-none-eabi/10.2.1/../../../../arm-none-eabi/lib/thumb/v7e-m+dp/hard/libstdc++.a(atexit_arm.o)
                                          0x8 (size before relaxing)
 .ARM.exidx     0x0000000008027e84        0x8 /usr/bin/../lib/gcc/arm-none-eabi/10.2.1/thumb/v7e-m+dp/hard/libgcc.a(_udivmoddi4.o)
                0x0000000008027e8c                __exidx_end = .

.rel.dyn        0x0000000008027e8c        0x0
 .rel.iplt      0x0000000008027e8c        0x0 /usr/bin/../lib/gcc/arm-none-eabi/10.2.1/thumb/v7e-m+dp/hard/crtbegin.o

.preinit_array  0x0000000008027e8c        0x0
                0x0000000008027e8c                PROVIDE (__preinit_array_start = .)
 *(.preinit_array*)
                0x0000000008027e8c                PROVIDE (__preinit_array_end = .)

.init_array     0x0000000008027e8c       0x14
                0x0000000008027e8c                PROVIDE (__init_array_start = .)
 *(SORT_BY_NAME(.init_array.*))
 .init_array.00000
                0x0000000008027e8c        0x4 /usr/bin/../lib/gcc/arm-none-eabi/10.2.1/../../../../arm-none-eabi/lib/thumb/v7e-m+dp/hard/libc.a(lib_a-__call_atexit.o)
 *(.init_array*)